Component: ARM Compiler 5.05 update 1 (build 106) Tool: armlink [4d0efa]

==============================================================================

Section Cross References

    startup_stm32f40_41xxx.o(STACK) refers (Special) to heapauxi.o(.text) for __use_two_region_memory
    startup_stm32f40_41xxx.o(HEAP) refers (Special) to heapauxi.o(.text) for __use_two_region_memory
    startup_stm32f40_41xxx.o(RESET) refers (Special) to heapauxi.o(.text) for __use_two_region_memory
    startup_stm32f40_41xxx.o(RESET) refers to startup_stm32f40_41xxx.o(STACK) for __initial_sp
    startup_stm32f40_41xxx.o(RESET) refers to startup_stm32f40_41xxx.o(.text) for Reset_Handler
    startup_stm32f40_41xxx.o(RESET) refers to timer.o(i.TIM3_IRQHandler) for TIM3_IRQHandler
    startup_stm32f40_41xxx.o(RESET) refers to usmart.o(i.TIM4_IRQHandler) for TIM4_IRQHandler
    startup_stm32f40_41xxx.o(RESET) refers to usart.o(i.USART1_IRQHandler) for USART1_IRQHandler
    startup_stm32f40_41xxx.o(RESET) refers to timer.o(i.TIM5_IRQHandler) for TIM5_IRQHandler
    startup_stm32f40_41xxx.o(RESET) refers to dcmi.o(i.DCMI_IRQHandler) for DCMI_IRQHandler
    startup_stm32f40_41xxx.o(.text) refers (Special) to heapauxi.o(.text) for __use_two_region_memory
    startup_stm32f40_41xxx.o(.text) refers to __main.o(!!!main) for __main
    startup_stm32f40_41xxx.o(.text) refers to startup_stm32f40_41xxx.o(HEAP) for Heap_Mem
    startup_stm32f40_41xxx.o(.text) refers to startup_stm32f40_41xxx.o(STACK) for Stack_Mem
    test.o(i.main) refers to sram.o(i.FSMC_SRAM_Init) for FSMC_SRAM_Init
    test.o(i.main) refers to malloc.o(i.my_mem_init) for my_mem_init
    test.o(i.main) refers to sys.o(i.Stm32_Clock_Init) for Stm32_Clock_Init
    test.o(i.main) refers to delay.o(i.delay_init) for delay_init
    test.o(i.main) refers to usart.o(i.uart_init) for uart_init
    test.o(i.main) refers to led.o(i.LED_Init) for LED_Init
    test.o(i.main) refers to ili93xx.o(i.LCD_Init) for LCD_Init
    test.o(i.main) refers to key.o(i.KEY_Init) for KEY_Init
    test.o(i.main) refers to ili93xx.o(i.LCD_ShowString) for LCD_ShowString
    test.o(i.main) refers to ov2640.o(i.OV2640_Init) for OV2640_Init
    test.o(i.main) refers to delay.o(i.delay_ms) for delay_ms
    test.o(i.main) refers to ili93xx.o(i.LCD_Fill) for LCD_Fill
    test.o(i.main) refers to ili93xx.o(i.LCD_Clear) for LCD_Clear
    test.o(i.main) refers to ov2640.o(i.OV2640_RGB565_Mode) for OV2640_RGB565_Mode
    test.o(i.main) refers to dcmi.o(i.DCMI_Init) for DCMI_Init
    test.o(i.main) refers to dcmi.o(i.DCMI_DMA_Init) for DCMI_DMA_Init
    test.o(i.main) refers to ov2640.o(i.OV2640_ImageWin_Set) for OV2640_ImageWin_Set
    test.o(i.main) refers to ov2640.o(i.OV2640_OutSize_Set) for OV2640_OutSize_Set
    test.o(i.main) refers to ov2640.o(i.OV2640_Contrast) for OV2640_Contrast
    test.o(i.main) refers to dcmi.o(i.DCMI_Start) for DCMI_Start
    test.o(i.main) refers to key.o(i.KEY_Scan) for KEY_Scan
    test.o(i.main) refers to dcmi.o(i.DCMI_Stop) for DCMI_Stop
    test.o(i.main) refers to dcmi.o(i.DCMI_Pause) for DCMI_Pause
    test.o(i.main) refers to ili93xx.o(i.LCD_DrawRectangle) for LCD_DrawRectangle
    test.o(i.main) refers to ili93xx.o(i.LCD_DrawCross) for LCD_DrawCross
    test.o(i.main) refers to dcmi.o(i.DCMI_Restart) for DCMI_Restart
    test.o(i.main) refers to ili93xx.o(.data) for POINT_COLOR
    test.o(i.main) refers to ili93xx.o(.bss) for lcddev
    test.o(i.main) refers to mytrack.o(.data) for MOSSE_Tracker
    test.o(i.main) refers to test.o(.data) for .data
    test.o(i.main) refers to mytrack.o(.bss) for Rect
    delay.o(i.delay_init) refers to delay.o(.data) for .data
    delay.o(i.delay_ms) refers to delay.o(.data) for .data
    delay.o(i.delay_us) refers to delay.o(.data) for .data
    delay.o(i.delay_xms) refers to delay.o(.data) for .data
    sys.o(i.Stm32_Clock_Init) refers to sys.o(i.Sys_Clock_Set) for Sys_Clock_Set
    usart.o(.rev16_text) refers (Special) to use_no_semi_2.o(.text) for __use_no_semihosting
    usart.o(.revsh_text) refers (Special) to use_no_semi_2.o(.text) for __use_no_semihosting
    usart.o(i.USART1_IRQHandler) refers (Special) to use_no_semi_2.o(.text) for __use_no_semihosting
    usart.o(i.USART1_IRQHandler) refers to usart.o(.data) for .data
    usart.o(i.USART1_IRQHandler) refers to usart.o(.bss) for .bss
    usart.o(i._sys_exit) refers (Special) to use_no_semi_2.o(.text) for __use_no_semihosting
    usart.o(i.fputc) refers (Special) to use_no_semi_2.o(.text) for __use_no_semihosting
    usart.o(i.uart_init) refers (Special) to use_no_semi_2.o(.text) for __use_no_semihosting
    usart.o(i.uart_init) refers to sys.o(i.GPIO_Set) for GPIO_Set
    usart.o(i.uart_init) refers to sys.o(i.GPIO_AF_Set) for GPIO_AF_Set
    usart.o(i.uart_init) refers to sys.o(i.MY_NVIC_Init) for MY_NVIC_Init
    usart.o(.bss) refers (Special) to use_no_semi_2.o(.text) for __use_no_semihosting
[...]
    i.Sys_Clock_Set                          0x0800ab88   Section        0  sys.o(i.Sys_Clock_Set)
    i.TIM3_IRQHandler                        0x0800ac78   Section        0  timer.o(i.TIM3_IRQHandler)
    i.TIM4_IRQHandler                        0x0800ac9c   Section        0  usmart.o(i.TIM4_IRQHandler)
    i.TIM5_IRQHandler                        0x0800acd8   Section        0  timer.o(i.TIM5_IRQHandler)
    i.USART1_IRQHandler                      0x0800ad7c   Section        0  usart.o(i.USART1_IRQHandler)
    i.__ARM_common_memclr4_10                0x0800ade4   Section        0  usmart_str.o(i.__ARM_common_memclr4_10)
    i.__ARM_fpclassify                       0x0800adee   Section        0  fpclassify.o(i.__ARM_fpclassify)
    i.__hardfp_exp                           0x0800ae20   Section        0  exp.o(i.__hardfp_exp)
    i.__kernel_poly                          0x0800b178   Section        0  poly.o(i.__kernel_poly)
    i.__mathlib_dbl_infnan                   0x0800b270   Section        0  dunder.o(i.__mathlib_dbl_infnan)
    i.__mathlib_dbl_overflow                 0x0800b288   Section        0  dunder.o(i.__mathlib_dbl_overflow)
    i.__mathlib_dbl_underflow                0x0800b2a8   Section        0  dunder.o(i.__mathlib_dbl_underflow)
    i._is_digit                              0x0800b2c8   Section        0  __printf_wp.o(i._is_digit)
    i._sys_exit                              0x0800b2d6   Section        0  usart.o(i._sys_exit)
    i.delay_init                             0x0800b2d8   Section        0  delay.o(i.delay_init)
    i.delay_ms                               0x0800b304   Section        0  delay.o(i.delay_ms)
    i.delay_us                               0x0800b380   Section        0  delay.o(i.delay_us)
    i.fft2                                   0x0800b3ac   Section        0  mytrack.o(i.fft2)
    fft2                                     0x0800b3ad   Thumb Code   256  mytrack.o(i.fft2)
    i.fputc                                  0x0800b4b8   Section        0  usart.o(i.fputc)
    i.gen_hamming_win                        0x0800b4cc   Section        0  mytrack.o(i.gen_hamming_win)
    i.get_img                                0x0800b584   Section        0  mytrack.o(i.get_img)
    get_img                                  0x0800b585   Thumb Code   214  mytrack.o(i.get_img)
    i.jpeg_data_process                      0x0800b664   Section        0  mytrack.o(i.jpeg_data_process)
    i.main                                   0x0800b668   Section        0  test.o(i.main)
    i.myTrack                                0x0800bb2c   Section        0  mytrack.o(i.myTrack)
    myTrack                                  0x0800bb2d   Thumb Code  1672  mytrack.o(i.myTrack)
    i.myTrack_General_init                   0x0800c1d0   Section        0  mytrack.o(i.myTrack_General_init)
    myTrack_General_init                     0x0800c1d1   Thumb Code   540  mytrack.o(i.myTrack_General_init)
    i.myTrack_Rectreset                      0x0800c414   Section        0  mytrack.o(i.myTrack_Rectreset)
    myTrack_Rectreset                        0x0800c415   Thumb Code    82  mytrack.o(i.myTrack_Rectreset)
    i.myTrack_training                       0x0800c470   Section        0  mytrack.o(i.myTrack_training)
    myTrack_training                         0x0800c471   Thumb Code   510  mytrack.o(i.myTrack_training)
    i.my_mem_init                            0x0800c674   Section        0  malloc.o(i.my_mem_init)
    i.my_mem_malloc                          0x0800c6e0   Section        0  malloc.o(i.my_mem_malloc)
    i.my_mem_perused                         0x0800c7a8   Section        0  malloc.o(i.my_mem_perused)
    i.mymalloc                               0x0800c7e4   Section        0  malloc.o(i.mymalloc)
    i.read_addr                              0x0800c808   Section        0  usmart.o(i.read_addr)
    i.rgbpreprocess                          0x0800c80c   Section        0  mytrack.o(i.rgbpreprocess)
    rgbpreprocess                            0x0800c80d   Thumb Code   348  mytrack.o(i.rgbpreprocess)
    i.uart_init                              0x0800c984   Section        0  usart.o(i.uart_init)
    i.usmart_cmd_rec                         0x0800ca64   Section        0  usmart.o(i.usmart_cmd_rec)
    i.usmart_exe                             0x0800cb14   Section        0  usmart.o(i.usmart_exe)
    i.usmart_get_aparm                       0x0800cdd8   Section        0  usmart_str.o(i.usmart_get_aparm)
    i.usmart_get_cmdname                     0x0800ce8c   Section        0  usmart_str.o(i.usmart_get_cmdname)
    i.usmart_get_fname                       0x0800cecc   Section        0  usmart_str.o(i.usmart_get_fname)
    i.usmart_get_fparam                      0x0800d07c   Section        0  usmart_str.o(i.usmart_get_fparam)
    i.usmart_get_parmpos                     0x0800d33c   Section        0  usmart_str.o(i.usmart_get_parmpos)
    i.usmart_init                            0x0800d35c   Section        0  usmart.o(i.usmart_init)
    i.usmart_scan                            0x0800d3c0   Section        0  usmart.o(i.usmart_scan)
    i.usmart_str2num                         0x0800d46c   Section        0  usmart_str.o(i.usmart_str2num)
    i.usmart_strcmp                          0x0800d576   Section        0  usmart_str.o(i.usmart_strcmp)
    i.usmart_sys_cmd_exe                     0x0800d590   Section        0  usmart.o(i.usmart_sys_cmd_exe)
    i.write_addr                             0x0800dc2c   Section        0  usmart.o(i.write_addr)
    x$fpl$d2f                                0x0800dc30   Section       98  d2f.o(x$fpl$d2f)
    $v0                                      0x0800dc30   Number         0  d2f.o(x$fpl$d2f)
    x$fpl$dadd                               0x0800dc94   Section      336  daddsub_clz.o(x$fpl$dadd)
    $v0                                      0x0800dc94   Number         0  daddsub_clz.o(x$fpl$dadd)
    _dadd1                                   0x0800dca5   Thumb Code     0  daddsub_clz.o(x$fpl$dadd)
    x$fpl$dcmpinf                            0x0800dde4   Section       24  dcmpi.o(x$fpl$dcmpinf)
    $v0                                      0x0800dde4   Number         0  dcmpi.o(x$fpl$dcmpinf)
    x$fpl$ddiv                               0x0800ddfc   Section      688  ddiv.o(x$fpl$ddiv)
    $v0                                      0x0800ddfc   Number         0  ddiv.o(x$fpl$ddiv)
    ddiv_entry                               0x0800de03   Thumb Code     0  ddiv.o(x$fpl$ddiv)
    x$fpl$dfix                               0x0800e0ac   Section       94  dfix.o(x$fpl$dfix)
    $v0                                      0x0800e0ac   Number         0  dfix.o(x$fpl$dfix)
    x$fpl$dfixu                              0x0800e10c   Section       90  dfixu.o(x$fpl$dfixu)
    $v0                                      0x0800e10c   Number         0  dfixu.o(x$fpl$dfixu)
    x$fpl$dflt                               0x0800e166   Section       46  dflt_clz.o(x$fpl$dflt)
    $v0                                      0x0800e166   Number         0  dflt_clz.o(x$fpl$dflt)
    x$fpl$dleqf                              0x0800e194   Section      120  dleqf.o(x$fpl$dleqf)
    $v0                                      0x0800e194   Number         0  dleqf.o(x$fpl$dleqf)
    x$fpl$dmul                               0x0800e20c   Section      340  dmul.o(x$fpl$dmul)
    $v0                                      0x0800e20c   Number         0  dmul.o(x$fpl$dmul)
    x$fpl$dnaninf                            0x0800e360   Section      156  dnaninf.o(x$fpl$dnaninf)
    $v0                                      0x0800e360   Number         0  dnaninf.o(x$fpl$dnaninf)
    x$fpl$dretinf                            0x0800e3fc   Section       12  dretinf.o(x$fpl$dretinf)
    $v0                                      0x0800e3fc   Number         0  dretinf.o(x$fpl$dretinf)
    x$fpl$drleqf                             0x0800e408   Section      108  drleqf.o(x$fpl$drleqf)
    $v0                                      0x0800e408   Number         0  drleqf.o(x$fpl$drleqf)
    x$fpl$drsb                               0x0800e474   Section       22  daddsub_clz.o(x$fpl$drsb)
    $v0                                      0x0800e474   Number         0  daddsub_clz.o(x$fpl$drsb)
    x$fpl$dsub                               0x0800e48c   Section      468  daddsub_clz.o(x$fpl$dsub)
    $v0                                      0x0800e48c   Number         0  daddsub_clz.o(x$fpl$dsub)
    _dsub1                                   0x0800e49d   Thumb Code     0  daddsub_clz.o(x$fpl$dsub)
    x$fpl$f2d                                0x0800e660   Section       86  f2d.o(x$fpl$f2d)
    $v0                                      0x0800e660   Number         0  f2d.o(x$fpl$f2d)
    x$fpl$fnaninf                            0x0800e6b6   Section      140  fnaninf.o(x$fpl$fnaninf)
    $v0                                      0x0800e6b6   Number         0  fnaninf.o(x$fpl$fnaninf)
    x$fpl$fpinit                             0x0800e742   Section       10  fpinit.o(x$fpl$fpinit)
    $v0                                      0x0800e742   Number         0  fpinit.o(x$fpl$fpinit)
    x$fpl$fretinf                            0x0800e74c   Section       10  fretinf.o(x$fpl$fretinf)
    $v0                                      0x0800e74c   Number         0  fretinf.o(x$fpl$fretinf)
    .constdata                               0x0800e756   Section     6080  ili93xx.o(.constdata)
    x$fpl$usenofp                            0x0800e756   Section        0  usenofp.o(x$fpl$usenofp)
    .constdata                               0x0800ff16   Section      454  ov2640.o(.constdata)
    OV2640_AUTOEXPOSURE_LEVEL                0x080100b4   Data          40  ov2640.o(.constdata)
    .constdata                               0x080100dc   Section       36  malloc.o(.constdata)
    .constdata                               0x08010100   Section     1040  arm_cos_f32.o(.constdata)
    cosTable                                 0x08010100   Data        1040  arm_cos_f32.o(.constdata)
    .constdata                               0x08010510   Section     2048  arm_common_tables.o(.constdata)
    .constdata                               0x08010d10   Section    32768  arm_common_tables.o(.constdata)
    .constdata                               0x08018d10   Section       40  _printf_hex_int.o(.constdata)
    uc_hextab                                0x08018d10   Data          20  _printf_hex_int.o(.constdata)
    lc_hextab                                0x08018d24   Data          20  _printf_hex_int.o(.constdata)
    .constdata                               0x08018d38   Section       17  __printf_flags_ss_wp.o(.constdata)
    maptable                                 0x08018d38   Data          17  __printf_flags_ss_wp.o(.constdata)
    .constdata                               0x08018d50   Section       88  exp.o(.constdata)
    halF                                     0x08018d50   Data          16  exp.o(.constdata)
    ln2HI                                    0x08018d60   Data          16  exp.o(.constdata)
    ln2LO                                    0x08018d70   Data          16  exp.o(.constdata)
    P                                        0x08018d80   Data          40  exp.o(.constdata)
    .conststring                             0x08018da8   Section       40  usmart.o(.conststring)
    .conststring                             0x08018dd0   Section      785  usmart_config.o(.conststring)
    .ARM.__AT_0x10000000                     0x10000000   Section    61440  malloc.o(.ARM.__AT_0x10000000)
    .ARM.__AT_0x1000F000                     0x1000f000   Section     3840  malloc.o(.ARM.__AT_0x1000F000)
    .data                                    0x20000000   Section       16  test.o(.data)
    key                                      0x20000000   Data           1  test.o(.data)
    track_flag                               0x20000001   Data           1  test.o(.data)
    Hi_available                             0x20000002   Data           1  test.o(.data)
    default_local                            0x20000004   Data           4  test.o(.data)
    current_local                            0x20000008   Data           8  test.o(.data)
    .data                                    0x20000010   Section        1  test.o(.data)
    .data                                    0x20000012   Section        4  delay.o(.data)
    fac_us                                   0x20000012   Data           1  delay.o(.data)
    fac_ms                                   0x20000014   Data           2  delay.o(.data)
    .data                                    0x20000016   Section        2  usart.o(.data)
    .data                                    0x20000018   Section        4  usart.o(.data)
    .data                                    0x2000001c   Section        4  ili93xx.o(.data)
    .data                                    0x20000020   Section        1  key.o(.data)
    key_up                                   0x20000020   Data           1  key.o(.data)
    .data                                    0x20000021   Section        1  dcmi.o(.data)
    .data                                    0x20000024   Section        8  timer.o(.data)
    .data                                    0x2000002c   Section       36  malloc.o(.data)
    .data                                    0x20000050   Section      144  mytrack.o(.data)
    Hi_available                             0x20000050   Data           1  mytrack.o(.data)
    max_x                                    0x20000052   Data           2  mytrack.o(.data)
    max_y                                    0x20000054   Data           2  mytrack.o(.data)
    row                                      0x20000056   Data           2  mytrack.o(.data)
    col                                      0x20000058   Data           2  mytrack.o(.data)
    pixel                                    0x2000005a   Data           2  mytrack.o(.data)
    row                                      0x2000005c   Data           2  mytrack.o(.data)
    col                                      0x2000005e   Data           2  mytrack.o(.data)
    i                                        0x20000060   Data           2  mytrack.o(.data)
    j                                        0x20000062   Data           2  mytrack.o(.data)
    i                                        0x20000064   Data           2  mytrack.o(.data)
    j                                        0x20000066   Data           2  mytrack.o(.data)
    i                                        0x20000068   Data           2  mytrack.o(.data)
    i                                        0x2000006a   Data           2  mytrack.o(.data)
    i                                        0x2000006c   Data           2  mytrack.o(.data)
    j                                        0x2000006e   Data           2  mytrack.o(.data)
    i                                        0x20000070   Data           2  mytrack.o(.data)
    u                                        0x200000a4   Data           4  mytrack.o(.data)
    log_2                                    0x200000a8   Data           4  mytrack.o(.data)
    fd_flag                                  0x200000ac   Data           4  mytrack.o(.data)
    row                                      0x200000b0   Data           4  mytrack.o(.data)
    col                                      0x200000b4   Data           4  mytrack.o(.data)
    mean                                     0x200000b8   Data           4  mytrack.o(.data)
    std                                      0x200000bc   Data           4  mytrack.o(.data)
    max                                      0x200000c0   Data           4  mytrack.o(.data)
    i                                        0x200000c4   Data           4  mytrack.o(.data)
    j                                        0x200000c8   Data           4  mytrack.o(.data)
    mean                                     0x200000cc   Data           4  mytrack.o(.data)
    std                                      0x200000d0   Data           4  mytrack.o(.data)
    max                                      0x200000d4   Data           4  mytrack.o(.data)
    pixels                                   0x200000d8   Data           4  mytrack.o(.data)
    psr                                      0x200000dc   Data           4  mytrack.o(.data)
    .data                                    0x200000e0   Section       16  mytrack.o(.data)
    .data                                    0x200000f0   Section       28  usmart.o(.data)
    .data                                    0x2000010c   Section      168  usmart_config.o(.data)
    .data                                    0x200001b4   Section      244  usmart_config.o(.data)
    .data__ZZ13LCD_ReadPointE1b              0x200002a8   Section        2  ili93xx.o(.data__ZZ13LCD_ReadPointE1b)
    .data__ZZ13LCD_ReadPointE1g              0x200002aa   Section        2  ili93xx.o(.data__ZZ13LCD_ReadPointE1g)
    .data__ZZ13LCD_ReadPointE1r              0x200002ac   Section        2  ili93xx.o(.data__ZZ13LCD_ReadPointE1r)
    .bss                                     0x200002b0   Section      200  usart.o(.bss)
    .bss                                     0x20000378   Section       14  ili93xx.o(.bss)
    .bss                                     0x200003a0   Section    102400  malloc.o(.bss)
    .bss                                     0x200193a0   Section     6400  malloc.o(.bss)
    .bss                                     0x2001aca0   Section       92  mytrack.o(.bss)
    fft_xconf                                0x2001acac   Data          20  mytrack.o(.bss)
    fft_yconf                                0x2001acc0   Data          20  mytrack.o(.bss)
    ifft_xconf                               0x2001acd4   Data          20  mytrack.o(.bss)
    ifft_yconf                               0x2001ace8   Data          20  mytrack.o(.bss)
    .bss                                     0x2001acfc   Section       96  libspace.o(.bss)
    HEAP                                     0x2001ad60   Section        0  startup_stm32f40_41xxx.o(HEAP)
    STACK                                    0x2001ad60   Section     1024  startup_stm32f40_41xxx.o(STACK)
    Heap_Mem                                 0x2001ad60   Data           0  startup_stm32f40_41xxx.o(HEAP)
    Stack_Mem                                0x2001ad60   Data        1024  startup_stm32f40_41xxx.o(STACK)
    __initial_sp                             0x2001b160   Data           0  startup_stm32f40_41xxx.o(STACK)
    .ARM.__AT_0x68000000                     0x68000000   Section    983040  malloc.o(.ARM.__AT_0x68000000)
    .ARM.__AT_0x680F0000                     0x680f0000   Section    61440  malloc.o(.ARM.__AT_0x680F0000)

    Global Symbols

    Symbol Name                              Value     Ov Type        Size  Object(Section)

    BuildAttributes$$THM_ISAv4$E$P$D$K$B$S$7EM$VFPi3$EXTD16$VFPS$VFMA$PE$A:L22UL41UL21$X:L11$S22US41US21$IEEE1$IW$USESV6$~STKCKD$USESV7$~SHL$OTIME$ROPI$IEEEX$EBA8$UX$STANDARDLIB$REQ8$PRES8$EABIv2 0x00000000   Number         0  anon$$obj.o ABSOLUTE
    __ARM_use_no_argv                        0x00000000   Number         0  test.o ABSOLUTE
    _printf_flags                            0x00000000   Number         0  printf_stubs.o ABSOLUTE
    _printf_return_value                     0x00000000   Number         0  printf_stubs.o ABSOLUTE
    _printf_sizespec                         0x00000000   Number         0  printf_stubs.o ABSOLUTE
    _printf_widthprec                        0x00000000   Number         0  printf_stubs.o ABSOLUTE
    __ARM_exceptions_init                     - Undefined Weak Reference
    __alloca_initialize                       - Undefined Weak Reference
    __arm_preinit_                            - Undefined Weak Reference
    __cpp_initialize__aeabi_                  - Undefined Weak Reference
    __cxa_finalize                            - Undefined Weak Reference
    __rt_locale                               - Undefined Weak Reference
    __sigvec_lookup                           - Undefined Weak Reference
    _atexit_init                              - Undefined Weak Reference
    _call_atexit_fns                          - Undefined Weak Reference
    _clock_init                               - Undefined Weak Reference
    _fp_trap_init                             - Undefined Weak Reference
    _fp_trap_shutdown                         - Undefined Weak Reference
    _get_lc_collate                           - Undefined Weak Reference
    _get_lc_ctype                             - Undefined Weak Reference
    _get_lc_monetary                          - Undefined Weak Reference
    _get_lc_numeric                           - Undefined Weak Reference
    _get_lc_time                              - Undefined Weak Reference
    _getenv_init                              - Undefined Weak Reference
    _handle_redirection                       - Undefined Weak Reference
    _init_alloc                               - Undefined Weak Reference
    _init_user_alloc                          - Undefined Weak Reference
    _initio                                   - Undefined Weak Reference
    _mutex_acquire                            - Undefined Weak Reference
    _mutex_release                            - Undefined Weak Reference
    _printf_mbtowc                            - Undefined Weak Reference
    _printf_truncate_signed                   - Undefined Weak Reference
    _printf_truncate_unsigned                 - Undefined Weak Reference
    _rand_init                                - Undefined Weak Reference
    _signal_finish                            - Undefined Weak Reference
    _signal_init                              - Undefined Weak Reference
    _terminate_alloc                          - Undefined Weak Reference
    _terminate_user_alloc                     - Undefined Weak Reference
    _terminateio                              - Undefined Weak Reference
    __Vectors_Size                           0x00000188   Number         0  startup_stm32f40_41xxx.o ABSOLUTE
    __Vectors                                0x08000000   Data           4  startup_stm32f40_41xxx.o(RESET)
    __Vectors_End                            0x08000188   Data           0  startup_stm32f40_41xxx.o(RESET)
    __main                                   0x08000189   Thumb Code     8  __main.o(!!!main)
    __scatterload                            0x08000191   Thumb Code     0  __scatter.o(!!!scatter)
    __scatterload_rt2                        0x08000191   Thumb Code    44  __scatter.o(!!!scatter)
    __scatterload_rt2_thumb_only             0x08000191   Thumb Code     0  __scatter.o(!!!scatter)
    __scatterload_null                       0x0800019f   Thumb Code     0  __scatter.o(!!!scatter)
    __decompress                             0x080001c5   Thumb Code    90  __dczerorl2.o(!!dczerorl2)
    __decompress1                            0x080001c5   Thumb Code     0  __dczerorl2.o(!!dczerorl2)
    __scatterload_zeroinit                   0x08000221   Thumb Code    28  __scatter_zi.o(!!handler_zi)
    _printf_d                                0x0800023d   Thumb Code     0  _printf_d.o(.ARM.Collect$$_printf_percent$$00000009)
    _printf_percent                          0x0800023d   Thumb Code     0  _printf_percent.o(.ARM.Collect$$_printf_percent$$00000000)
    _printf_u                                0x08000243   Thumb Code     0  _printf_u.o(.ARM.Collect$$_printf_percent$$0000000A)
    _printf_x                                0x08000249   Thumb Code     0  _printf_x.o(.ARM.Collect$$_printf_percent$$0000000C)
    _printf_c                                0x0800024f   Thumb Code     0  _printf_c.o(.ARM.Collect$$_printf_percent$$00000013)
    _printf_s                                0x08000255   Thumb Code     0  _printf_s.o(.ARM.Collect$$_printf_percent$$00000014)
    _printf_percent_end                      0x0800025b   Thumb Code     0  _printf_percent_end.o(.ARM.Collect$$_printf_percent$$00000017)
    __rt_lib_init                            0x0800025f   Thumb Code     0  libinit.o(.ARM.Collect$$libinit$$00000000)
    __rt_lib_init_fp_1                       0x08000261   Thumb Code     0  libinit2.o(.ARM.Collect$$libinit$$00000001)
    __rt_lib_init_alloca_1                   0x08000265   Thumb Code     0  libinit2.o(.ARM.Collect$$libinit$$0000002E)
    __rt_lib_init_argv_1                     0x08000265   Thumb Code     0  libinit2.o(.ARM.Collect$$libinit$$0000002C)
    __rt_lib_init_atexit_1                   0x08000265   Thumb Code     0  libinit2.o(.ARM.Collect$$libinit$$0000001B)
    __rt_lib_init_clock_1                    0x08000265   Thumb Code     0  libinit2.o(.ARM.Collect$$libinit$$00000021)
    __rt_lib_init_cpp_1                      0x08000265   Thumb Code     0  libinit2.o(.ARM.Collect$$libinit$$00000032)
    __rt_lib_init_exceptions_1               0x08000265   Thumb Code     0  libinit2.o(.ARM.Collect$$libinit$$00000030)
    __rt_lib_init_fp_trap_1                  0x08000265   Thumb Code     0  libinit2.o(.ARM.Collect$$libinit$$0000001F)
    __rt_lib_init_getenv_1                   0x08000265   Thumb Code     0  libinit2.o(.ARM.Collect$$libinit$$00000023)
    __rt_lib_init_heap_1                     0x08000265   Thumb Code     0  libinit2.o(.ARM.Collect$$libinit$$0000000A)
    __rt_lib_init_lc_collate_1               0x08000265   Thumb Code     0  libinit2.o(.ARM.Collect$$libinit$$00000011)
    __rt_lib_init_lc_ctype_1                 0x08000265   Thumb Code     0  libinit2.o(.ARM.Collect$$libinit$$00000013)
    __rt_lib_init_lc_monetary_1              0x08000265   Thumb Code     0  libinit2.o(.ARM.Collect$$libinit$$00000015)
    __rt_lib_init_lc_numeric_1               0x08000265   Thumb Code     0  libinit2.o(.ARM.Collect$$libinit$$00000017)
    __rt_lib_init_lc_time_1                  0x08000265   Thumb Code     0  libinit2.o(.ARM.Collect$$libinit$$00000019)
    __rt_lib_init_preinit_1                  0x08000265   Thumb Code     0  libinit2.o(.ARM.Collect$$libinit$$00000004)
    __rt_lib_init_rand_1                     0x08000265   Thumb Code     0  libinit2.o(.ARM.Collect$$libinit$$0000000E)
    __rt_lib_init_return                     0x08000265   Thumb Code     0  libinit2.o(.ARM.Collect$$libinit$$00000033)
    __rt_lib_init_signal_1                   0x08000265   Thumb Code     0  libinit2.o(.ARM.Collect$$libinit$$0000001D)
    __rt_lib_init_stdio_1                    0x08000265   Thumb Code     0  libinit2.o(.ARM.Collect$$libinit$$00000025)
    __rt_lib_init_user_alloc_1               0x08000265   Thumb Code     0  libinit2.o(.ARM.Collect$$libinit$$0000000C)
    __rt_lib_shutdown                        0x08000267   Thumb Code     0  libshutdown.o(.ARM.Collect$$libshutdown$$00000000)
    __rt_lib_shutdown_fp_trap_1              0x08000269   Thumb Code     0  libshutdown2.o(.ARM.Collect$$libshutdown$$00000006)
    __rt_lib_shutdown_heap_1                 0x08000269   Thumb Code     0  libshutdown2.o(.ARM.Collect$$libshutdown$$0000000E)
    __rt_lib_shutdown_return                 0x08000269   Thumb Code     0  libshutdown2.o(.ARM.Collect$$libshutdown$$0000000F)
    __rt_lib_shutdown_signal_1               0x08000269   Thumb Code     0  libshutdown2.o(.ARM.Collect$$libshutdown$$00000009)
    __rt_lib_shutdown_stdio_1                0x08000269   Thumb Code     0  libshutdown2.o(.ARM.Collect$$libshutdown$$00000003)
    __rt_lib_shutdown_user_alloc_1           0x08000269   Thumb Code     0  libshutdown2.o(.ARM.Collect$$libshutdown$$0000000B)
    __rt_entry                               0x0800026b   Thumb Code     0  __rtentry.o(.ARM.Collect$$rtentry$$00000000)
    __rt_entry_presh_1                       0x0800026b   Thumb Code     0  __rtentry2.o(.ARM.Collect$$rtentry$$00000002)
    __rt_entry_sh                            0x0800026b   Thumb Code     0  __rtentry4.o(.ARM.Collect$$rtentry$$00000004)
    __rt_entry_li                            0x08000271   Thumb Code     0  __rtentry2.o(.ARM.Collect$$rtentry$$0000000A)
    __rt_entry_postsh_1                      0x08000271   Thumb Code     0  __rtentry2.o(.ARM.Collect$$rtentry$$00000009)
    __rt_entry_main                          0x08000275   Thumb Code     0  __rtentry2.o(.ARM.Collect$$rtentry$$0000000D)
    __rt_entry_postli_1                      0x08000275   Thumb Code     0  __rtentry2.o(.ARM.Collect$$rtentry$$0000000C)
    __rt_exit                                0x0800027d   Thumb Code     0  rtexit.o(.ARM.Collect$$rtexit$$00000000)
    __rt_exit_ls                             0x0800027f   Thumb Code     0  rtexit2.o(.ARM.Collect$$rtexit$$00000003)
    __rt_exit_prels_1                        0x0800027f   Thumb Code     0  rtexit2.o(.ARM.Collect$$rtexit$$00000002)
    __rt_exit_exit                           0x08000283   Thumb Code     0  rtexit2.o(.ARM.Collect$$rtexit$$00000004)
    Reset_Handler                            0x08000289   Thumb Code    14  startup_stm32f40_41xxx.o(.text)
    NMI_Handler                              0x08000297   Thumb Code     2  startup_stm32f40_41xxx.o(.text)
    HardFault_Handler                        0x08000299   Thumb Code     2  startup_stm32f40_41xxx.o(.text)
    MemManage_Handler                        0x0800029b   Thumb Code     2  startup_stm32f40_41xxx.o(.text)
    BusFault_Handler                         0x0800029d   Thumb Code     2  startup_stm32f40_41xxx.o(.text)
    UsageFault_Handler                       0x0800029f   Thumb Code     2  startup_stm32f40_41xxx.o(.text)
    SVC_Handler                              0x080002a1   Thumb Code     2  startup_stm32f40_41xxx.o(.text)
    DebugMon_Handler                         0x080002a3   Thumb Code     2  startup_stm32f40_41xxx.o(.text)
    PendSV_Handler                           0x080002a5   Thumb Code     2  startup_stm32f40_41xxx.o(.text)
    SysTick_Handler                          0x080002a7   Thumb Code     2  startup_stm32f40_41xxx.o(.text)
    ADC_IRQHandler                           0x080002a9   Thumb Code     0  startup_stm32f40_41xxx.o(.text)
    CAN1_RX0_IRQHandler                      0x080002a9   Thumb Code     0  startup_stm32f40_41xxx.o(.text)
    CAN1_RX1_IRQHandler                      0x080002a9   Thumb Code     0  startup_stm32f40_41xxx.o(.text)
    CAN1_SCE_IRQHandler                      0x080002a9   Thumb Code     0  startup_stm32f40_41xxx.o(.text)
    CAN1_TX_IRQHandler                       0x080002a9   Thumb Code     0  startup_stm32f40_41xxx.o(.text)
    CAN2_RX0_IRQHandler                      0x080002a9   Thumb Code     0  startup_stm32f40_41xxx.o(.text)
    CAN2_RX1_IRQHandler                      0x080002a9   Thumb Code     0  startup_stm32f40_41xxx.o(.text)
    CAN2_SCE_IRQHandler                      0x080002a9   Thumb Code     0  startup_stm32f40_41xxx.o(.text)
    CAN2_TX_IRQHandler                       0x080002a9   Thumb Code     0  startup_stm32f40_41xxx.o(.text)
    CRYP_IRQHandler                          0x080002a9   Thumb Code     0  startup_stm32f40_41xxx.o(.text)
    DMA1_Stream0_IRQHandler                  0x080002a9   Thumb Code     0  startup_stm32f40_41xxx.o(.text)
    DMA1_Stream1_IRQHandler                  0x080002a9   Thumb Code     0  startup_stm32f40_41xxx.o(.text)
    DMA1_Stream2_IRQHandler                  0x080002a9   Thumb Code     0  startup_stm32f40_41xxx.o(.text)
    DMA1_Stream3_IRQHandler                  0x080002a9   Thumb Code     0  startup_stm32f40_41xxx.o(.text)
    DMA1_Stream4_IRQHandler                  0x080002a9   Thumb Code     0  startup_stm32f40_41xxx.o(.text)
    DMA1_Stream5_IRQHandler                  0x080002a9   Thumb Code     0  startup_stm32f40_41xxx.o(.text)
    DMA1_Stream6_IRQHandler                  0x080002a9   Thumb Code     0  startup_stm32f40_41xxx.o(.text)
    DMA1_Stream7_IRQHandler                  0x080002a9   Thumb Code     0  startup_stm32f40_41xxx.o(.text)
    DMA2_Stream0_IRQHandler                  0x080002a9   Thumb Code     0  startup_stm32f40_41xxx.o(.text)
    DMA2_Stream1_IRQHandler                  0x080002a9   Thumb Code     0  startup_stm32f40_41xxx.o(.text)
    DMA2_Stream2_IRQHandler                  0x080002a9   Thumb Code     0  startup_stm32f40_41xxx.o(.text)
    DMA2_Stream3_IRQHandler                  0x080002a9   Thumb Code     0  startup_stm32f40_41xxx.o(.text)
    DMA2_Stream4_IRQHandler                  0x080002a9   Thumb Code     0  startup_stm32f40_41xxx.o(.text)
    DMA2_Stream5_IRQHandler                  0x080002a9   Thumb Code     0  startup_stm32f40_41xxx.o(.text)
    DMA2_Stream6_IRQHandler                  0x080002a9   Thumb Code     0  startup_stm32f40_41xxx.o(.text)
    DMA2_Stream7_IRQHandler                  0x080002a9   Thumb Code     0  startup_stm32f40_41xxx.o(.text)
    ETH_IRQHandler                           0x080002a9   Thumb Code     0  startup_stm32f40_41xxx.o(.text)
    ETH_WKUP_IRQHandler                      0x080002a9   Thumb Code     0  startup_stm32f40_41xxx.o(.text)
    EXTI0_IRQHandler                         0x080002a9   Thumb Code     0  startup_stm32f40_41xxx.o(.text)
    EXTI15_10_IRQHandler                     0x080002a9   Thumb Code     0  startup_stm32f40_41xxx.o(.text)
    EXTI1_IRQHandler                         0x080002a9   Thumb Code     0  startup_stm32f40_41xxx.o(.text)
    EXTI2_IRQHandler                         0x080002a9   Thumb Code     0  startup_stm32f40_41xxx.o(.text)
    EXTI3_IRQHandler                         0x080002a9   Thumb Code     0  startup_stm32f40_41xxx.o(.text)
    EXTI4_IRQHandler                         0x080002a9   Thumb Code     0  startup_stm32f40_41xxx.o(.text)
    EXTI9_5_IRQHandler                       0x080002a9   Thumb Code     0  startup_stm32f40_41xxx.o(.text)
    FLASH_IRQHandler                         0x080002a9   Thumb Code     0  startup_stm32f40_41xxx.o(.text)
    FPU_IRQHandler                           0x080002a9   Thumb Code     0  startup_stm32f40_41xxx.o(.text)
    FSMC_IRQHandler                          0x080002a9   Thumb Code     0  startup_stm32f40_41xxx.o(.text)
    HASH_RNG_IRQHandler                      0x080002a9   Thumb Code     0  startup_stm32f40_41xxx.o(.text)
    I2C1_ER_IRQHandler                       0x080002a9   Thumb Code     0  startup_stm32f40_41xxx.o(.text)
    I2C1_EV_IRQHandler                       0x080002a9   Thumb Code     0  startup_stm32f40_41xxx.o(.text)
    I2C2_ER_IRQHandler                       0x080002a9   Thumb Code     0  startup_stm32f40_41xxx.o(.text)
    I2C2_EV_IRQHandler                       0x080002a9   Thumb Code     0  startup_stm32f40_41xxx.o(.text)
    I2C3_ER_IRQHandler                       0x080002a9   Thumb Code     0  startup_stm32f40_41xxx.o(.text)
    I2C3_EV_IRQHandler                       0x080002a9   Thumb Code     0  startup_stm32f40_41xxx.o(.text)
    OTG_FS_IRQHandler                        0x080002a9   Thumb Code     0  startup_stm32f40_41xxx.o(.text)
    OTG_FS_WKUP_IRQHandler                   0x080002a9   Thumb Code     0  startup_stm32f40_41xxx.o(.text)
    OTG_HS_EP1_IN_IRQHandler                 0x080002a9   Thumb Code     0  startup_stm32f40_41xxx.o(.text)
    OTG_HS_EP1_OUT_IRQHandler                0x080002a9   Thumb Code     0  startup_stm32f40_41xxx.o(.text)
    OTG_HS_IRQHandler                        0x080002a9   Thumb Code     0  startup_stm32f40_41xxx.o(.text)
    OTG_HS_WKUP_IRQHandler                   0x080002a9   Thumb Code     0  startup_stm32f40_41xxx.o(.text)
    PVD_IRQHandler                           0x080002a9   Thumb Code     0  startup_stm32f40_41xxx.o(.text)
    RCC_IRQHandler                           0x080002a9   Thumb Code     0  startup_stm32f40_41xxx.o(.text)
    RTC_Alarm_IRQHandler                     0x080002a9   Thumb Code     0  startup_stm32f40_41xxx.o(.text)
    RTC_WKUP_IRQHandler                      0x080002a9   Thumb Code     0  startup_stm32f40_41xxx.o(.text)
    SDIO_IRQHandler                          0x080002a9   Thumb Code     0  startup_stm32f40_41xxx.o(.text)
    SPI1_IRQHandler                          0x080002a9   Thumb Code     0  startup_stm32f40_41xxx.o(.text)
    SPI2_IRQHandler                          0x080002a9   Thumb Code     0  startup_stm32f40_41xxx.o(.text)
    SPI3_IRQHandler                          0x080002a9   Thumb Code     0  startup_stm32f40_41xxx.o(.text)
    TAMP_STAMP_IRQHandler                    0x080002a9   Thumb Code     0  startup_stm32f40_41xxx.o(.text)
    TIM1_BRK_TIM9_IRQHandler                 0x080002a9   Thumb Code     0  startup_stm32f40_41xxx.o(.text)
    TIM1_CC_IRQHandler                       0x080002a9   Thumb Code     0  startup_stm32f40_41xxx.o(.text)
    TIM1_TRG_COM_TIM11_IRQHandler            0x080002a9   Thumb Code     0  startup_stm32f40_41xxx.o(.text)
    TIM1_UP_TIM10_IRQHandler                 0x080002a9   Thumb Code     0  startup_stm32f40_41xxx.o(.text)
    TIM2_IRQHandler                          0x080002a9   Thumb Code     0  startup_stm32f40_41xxx.o(.text)
    TIM6_DAC_IRQHandler                      0x080002a9   Thumb Code     0  startup_stm32f40_41xxx.o(.text)
    TIM7_IRQHandler                          0x080002a9   Thumb Code     0  startup_stm32f40_41xxx.o(.text)
    TIM8_BRK_TIM12_IRQHandler                0x080002a9   Thumb Code     0  startup_stm32f40_41xxx.o(.text)
    TIM8_CC_IRQHandler                       0x080002a9   Thumb Code     0  startup_stm32f40_41xxx.o(.text)
    TIM8_TRG_COM_TIM14_IRQHandler            0x080002a9   Thumb Code     0  startup_stm32f40_41xxx.o(.text)
    TIM8_UP_TIM13_IRQHandler                 0x080002a9   Thumb Code     0  startup_stm32f40_41xxx.o(.text)
    UART4_IRQHandler                         0x080002a9   Thumb Code     0  startup_stm32f40_41xxx.o(.text)
    UART5_IRQHandler                         0x080002a9   Thumb Code     0  startup_stm32f40_41xxx.o(.text)
    USART2_IRQHandler                        0x080002a9   Thumb Code     0  startup_stm32f40_41xxx.o(.text)
    USART3_IRQHandler                        0x080002a9   Thumb Code     0  startup_stm32f40_41xxx.o(.text)
    USART6_IRQHandler                        0x080002a9   Thumb Code     0  startup_stm32f40_41xxx.o(.text)
    WWDG_IRQHandler                          0x080002a9   Thumb Code     0  startup_stm32f40_41xxx.o(.text)
    __user_initial_stackheap                 0x080002ad   Thumb Code     0  startup_stm32f40_41xxx.o(.text)
    arm_cos_f32                              0x080002cd   Thumb Code   194  arm_cos_f32.o(.text)
    arm_cmplx_conj_f32                       0x080003a5   Thumb Code   226  arm_cmplx_conj_f32.o(.text)
    arm_cmplx_mult_cmplx_f32                 0x08000489   Thumb Code   234  arm_cmplx_mult_cmplx_f32.o(.text)
    arm_radix2_butterfly_f32                 0x08000575   Thumb Code   340  arm_cfft_radix2_f32.o(.text)
    arm_radix2_butterfly_inverse_f32         0x080006c9   Thumb Code   360  arm_cfft_radix2_f32.o(.text)
    arm_cfft_radix2_f32                      0x08000831   Thumb Code    60  arm_cfft_radix2_f32.o(.text)
    arm_cfft_radix2_init_f32                 0x0800086d   Thumb Code   230  arm_cfft_radix2_init_f32.o(.text)
    arm_mean_f32                             0x080009a1   Thumb Code   172  arm_mean_f32.o(.text)
    arm_std_f32                              0x08000a51   Thumb Code   250  arm_std_f32.o(.text)
    arm_bitreversal_f32                      0x08000b51   Thumb Code   178  arm_bitreversal.o(.text)
    arm_bitreversal_q31                      0x08000c03   Thumb Code   180  arm_bitreversal.o(.text)
    arm_bitreversal_q15                      0x08000cb7   Thumb Code   128  arm_bitreversal.o(.text)
    __use_no_semihosting                     0x08000d37   Thumb Code     2  use_no_semi_2.o(.text)
    __2printf                                0x08000d39   Thumb Code    20  noretval__2printf.o(.text)
    _printf_pre_padding                      0x08000d51   Thumb Code    44  _printf_pad.o(.text)
    _printf_post_padding                     0x08000d7d   Thumb Code    34  _printf_pad.o(.text)
    _printf_str                              0x08000d9f   Thumb Code    82  _printf_str.o(.text)
    _printf_int_dec                          0x08000df1   Thumb Code   104  _printf_dec.o(.text)
    _printf_int_hex                          0x08000e69   Thumb Code    84  _printf_hex_int.o(.text)
    _printf_longlong_hex                     0x08000e69   Thumb Code     0  _printf_hex_int.o(.text)
    __printf                                 0x08000ec1   Thumb Code   388  __printf_flags_ss_wp.o(.text)
    __use_two_region_memory                  0x08001049   Thumb Code     2  heapauxi.o(.text)
    __rt_heap_escrow$2region                 0x0800104b   Thumb Code     2  heapauxi.o(.text)
    __rt_heap_expand$2region                 0x0800104d   Thumb Code     2  heapauxi.o(.text)
    __I$use$semihosting                      0x0800104f   Thumb Code     0  use_no_semi.o(.text)
    __use_no_semihosting_swi                 0x0800104f   Thumb Code     2  use_no_semi.o(.text)
    __read_errno                             0x08001051   Thumb Code    10  _rserrno.o(.text)
    __set_errno                              0x0800105b   Thumb Code    12  _rserrno.o(.text)
    _printf_int_common                       0x08001067   Thumb Code   178  _printf_intcommon.o(.text)
    _printf_cs_common                        0x08001119   Thumb Code    20  _printf_char.o(.text)
    _printf_char                             0x0800112d   Thumb Code    16  _printf_char.o(.text)
    _printf_string                           0x0800113d   Thumb Code     8  _printf_char.o(.text)
    _printf_char_file                        0x08001145   Thumb Code    32  _printf_char_file.o(.text)
    __aeabi_errno_addr                       0x08001169   Thumb Code     8  rt_errno_addr_intlibspace.o(.text)
    __errno$intlibspace                      0x08001169   Thumb Code     0  rt_errno_addr_intlibspace.o(.text)
    __rt_errno_addr$intlibspace              0x08001169   Thumb Code     0  rt_errno_addr_intlibspace.o(.text)
    _printf_char_common                      0x0800117b   Thumb Code    32  _printf_char_common.o(.text)
    ferror                                   0x080011a1   Thumb Code     8  ferror.o(.text)
    __user_libspace                          0x080011a9   Thumb Code     8  libspace.o(.text)
    __user_perproc_libspace                  0x080011a9   Thumb Code     0  libspace.o(.text)
    __user_perthread_libspace                0x080011a9   Thumb Code     0  libspace.o(.text)
    __user_setup_stackheap                   0x080011b1   Thumb Code    74  sys_stackheap_outer.o(.text)
    exit                                     0x080011fb   Thumb Code    12  exit.o(.text)
    DCMI_CR_Set                              0x08001209   Thumb Code    54  dcmi.o(i.DCMI_CR_Set)
    DCMI_DMA_Init                            0x08001245   Thumb Code   178  dcmi.o(i.DCMI_DMA_Init)
    DCMI_IRQHandler                          0x08001311   Thumb Code    54  dcmi.o(i.DCMI_IRQHandler)
    DCMI_Init                                0x08001355   Thumb Code   330  dcmi.o(i.DCMI_Init)
    DCMI_Pause                               0x080014b9   Thumb Code    20  dcmi.o(i.DCMI_Pause)
    DCMI_Restart                             0x080014d1   Thumb Code    26  dcmi.o(i.DCMI_Restart)
    DCMI_Set_Window                          0x080014f1   Thumb Code   104  dcmi.o(i.DCMI_Set_Window)
    DCMI_Start                               0x08001561   Thumb Code    36  dcmi.o(i.DCMI_Start)
    DCMI_Stop                                0x0800158d   Thumb Code    30  dcmi.o(i.DCMI_Stop)
    FSMC_SRAM_Init                           0x080015b5   Thumb Code   582  sram.o(i.FSMC_SRAM_Init)
    GPIO_AF_Set                              0x08001815   Thumb Code    38  sys.o(i.GPIO_AF_Set)
    GPIO_Set                                 0x0800183d   Thumb Code   156  sys.o(i.GPIO_Set)
    KEY_Init                                 0x080018d9   Thumb Code    64  key.o(i.KEY_Init)
    KEY_Scan                                 0x08001925   Thumb Code   152  key.o(i.KEY_Scan)
    LCD_Clear                                0x080019c9   Thumb Code   128  ili93xx.o(i.LCD_Clear)
    LCD_Display_Dir                          0x08001a4d   Thumb Code   328  ili93xx.o(i.LCD_Display_Dir)
    LCD_DrawCross                            0x08001b99   Thumb Code    42  ili93xx.o(i.LCD_DrawCross)
    LCD_DrawRectangle                        0x08001c65   Thumb Code    58  ili93xx.o(i.LCD_DrawRectangle)
    LCD_Fill                                 0x08001fc5   Thumb Code   182  ili93xx.o(i.LCD_Fill)
    LCD_Init                                 0x08002081   Thumb Code 29736  ili93xx.o(i.LCD_Init)
    LCD_ReadPoint                            0x080094b9   Thumb Code   344  ili93xx.o(i.LCD_ReadPoint)
    LCD_Scan_Dir                             0x08009621   Thumb Code   908  ili93xx.o(i.LCD_Scan_Dir)
    LCD_SetCursor                            0x080099b1   Thumb Code   906  ili93xx.o(i.LCD_SetCursor)
    LCD_Set_Window                           0x08009d41   Thumb Code   986  ili93xx.o(i.LCD_Set_Window)
    LCD_ShowChar                             0x0800a121   Thumb Code   272  ili93xx.o(i.LCD_ShowChar)
    LCD_ShowString                           0x0800a23d   Thumb Code    98  ili93xx.o(i.LCD_ShowString)
    LCD_WriteRAM_Prepare                     0x0800a2a1   Thumb Code    14  ili93xx.o(i.LCD_WriteRAM_Prepare)
    LED_Init                                 0x0800a2b5   Thumb Code    48  led.o(i.LED_Init)
    MY_NVIC_Init                             0x0800a2f1   Thumb Code   106  sys.o(i.MY_NVIC_Init)
    OV2640_Auto_Exposure                     0x0800a361   Thumb Code    36  ov2640.o(i.OV2640_Auto_Exposure)
    OV2640_Brightness                        0x0800a389   Thumb Code    58  ov2640.o(i.OV2640_Brightness)
    OV2640_Color_Bar                         0x0800a3c3   Thumb Code    40  ov2640.o(i.OV2640_Color_Bar)
    OV2640_Color_Saturation                  0x0800a3eb   Thumb Code    64  ov2640.o(i.OV2640_Color_Saturation)
    OV2640_Contrast                          0x0800a42b   Thumb Code   112  ov2640.o(i.OV2640_Contrast)
    OV2640_ImageSize_Set                     0x0800a49b   Thumb Code    78  ov2640.o(i.OV2640_ImageSize_Set)
    OV2640_ImageWin_Set                      0x0800a4e9   Thumb Code   144  ov2640.o(i.OV2640_ImageWin_Set)
    OV2640_Init                              0x0800a579   Thumb Code   200  ov2640.o(i.OV2640_Init)
    OV2640_JPEG_Mode                         0x0800a669   Thumb Code    60  ov2640.o(i.OV2640_JPEG_Mode)
    OV2640_Light_Mode                        0x0800a6ad   Thumb Code   106  ov2640.o(i.OV2640_Light_Mode)
    OV2640_OutSize_Set                       0x0800a717   Thumb Code    88  ov2640.o(i.OV2640_OutSize_Set)
    OV2640_RGB565_Mode                       0x0800a771   Thumb Code    32  ov2640.o(i.OV2640_RGB565_Mode)
    OV2640_Special_Effects                   0x0800a795   Thumb Code   112  ov2640.o(i.OV2640_Special_Effects)
    OV2640_Window_Set                        0x0800a805   Thumb Code   124  ov2640.o(i.OV2640_Window_Set)
    SCCB_Init                                0x0800a881   Thumb Code    66  sccb.o(i.SCCB_Init)
    SCCB_RD_Reg                              0x0800a8d1   Thumb Code   314  sccb.o(i.SCCB_RD_Reg)
    SCCB_WR_Byte                             0x0800aa15   Thumb Code   126  sccb.o(i.SCCB_WR_Byte)
    SCCB_WR_Reg                              0x0800aa9d   Thumb Code   128  sccb.o(i.SCCB_WR_Reg)
    Stm32_Clock_Init                         0x0800ab21   Thumb Code    82  sys.o(i.Stm32_Clock_Init)
    Sys_Clock_Set                            0x0800ab89   Thumb Code   214  sys.o(i.Sys_Clock_Set)
    TIM3_IRQHandler                          0x0800ac79   Thumb Code    28  timer.o(i.TIM3_IRQHandler)
    TIM4_IRQHandler                          0x0800ac9d   Thumb Code    42  usmart.o(i.TIM4_IRQHandler)
    TIM5_IRQHandler                          0x0800acd9   Thumb Code   140  timer.o(i.TIM5_IRQHandler)
    USART1_IRQHandler                        0x0800ad7d   Thumb Code    92  usart.o(i.USART1_IRQHandler)
    __ARM_common_memclr4_10                  0x0800ade5   Thumb Code    10  usmart_str.o(i.__ARM_common_memclr4_10)
    __ARM_fpclassify                         0x0800adef   Thumb Code    48  fpclassify.o(i.__ARM_fpclassify)
    __hardfp_exp                             0x0800ae21   Thumb Code   714  exp.o(i.__hardfp_exp)
    __kernel_poly                            0x0800b179   Thumb Code   248  poly.o(i.__kernel_poly)
    __mathlib_dbl_infnan                     0x0800b271   Thumb Code    20  dunder.o(i.__mathlib_dbl_infnan)
    __mathlib_dbl_overflow                   0x0800b289   Thumb Code    24  dunder.o(i.__mathlib_dbl_overflow)
    __mathlib_dbl_underflow                  0x0800b2a9   Thumb Code    24  dunder.o(i.__mathlib_dbl_underflow)
    _is_digit                                0x0800b2c9   Thumb Code    14  __printf_wp.o(i._is_digit)
    _sys_exit                                0x0800b2d7   Thumb Code     2  usart.o(i._sys_exit)
    delay_init                               0x0800b2d9   Thumb Code    38  delay.o(i.delay_init)
    delay_ms                                 0x0800b305   Thumb Code   118  delay.o(i.delay_ms)
    delay_us                                 0x0800b381   Thumb Code    40  delay.o(i.delay_us)
    fputc                                    0x0800b4b9   Thumb Code    16  usart.o(i.fputc)
    gen_hamming_win                          0x0800b4cd   Thumb Code   172  mytrack.o(i.gen_hamming_win)
    jpeg_data_process                        0x0800b665   Thumb Code     2  mytrack.o(i.jpeg_data_process)
    main                                     0x0800b669   Thumb Code  1014  test.o(i.main)
    my_mem_init                              0x0800c675   Thumb Code    94  malloc.o(i.my_mem_init)
    my_mem_malloc                            0x0800c6e1   Thumb Code   186  malloc.o(i.my_mem_malloc)
    my_mem_perused                           0x0800c7a9   Thumb Code    50  malloc.o(i.my_mem_perused)
    mymalloc                                 0x0800c7e5   Thumb Code    30  malloc.o(i.mymalloc)
    read_addr                                0x0800c809   Thumb Code     4  usmart.o(i.read_addr)
    uart_init                                0x0800c985   Thumb Code   202  usart.o(i.uart_init)
    usmart_cmd_rec                           0x0800ca65   Thumb Code   172  usmart.o(i.usmart_cmd_rec)
    usmart_exe                               0x0800cb15   Thumb Code   594  usmart.o(i.usmart_exe)
    usmart_get_aparm                         0x0800cdd9   Thumb Code   180  usmart_str.o(i.usmart_get_aparm)
    usmart_get_cmdname                       0x0800ce8d   Thumb Code    64  usmart_str.o(i.usmart_get_cmdname)
    usmart_get_fname                         0x0800cecd   Thumb Code   422  usmart_str.o(i.usmart_get_fname)
    usmart_get_fparam                        0x0800d07d   Thumb Code   696  usmart_str.o(i.usmart_get_fparam)
    usmart_get_parmpos                       0x0800d33d   Thumb Code    28  usmart_str.o(i.usmart_get_parmpos)
    usmart_init                              0x0800d35d   Thumb Code    80  usmart.o(i.usmart_init)
    usmart_scan                              0x0800d3c1   Thumb Code   102  usmart.o(i.usmart_scan)
    usmart_str2num                           0x0800d46d   Thumb Code   266  usmart_str.o(i.usmart_str2num)
    usmart_strcmp                            0x0800d577   Thumb Code    26  usmart_str.o(i.usmart_strcmp)
    usmart_sys_cmd_exe                       0x0800d591   Thumb Code  1488  usmart.o(i.usmart_sys_cmd_exe)
    write_addr                               0x0800dc2d   Thumb Code     4  usmart.o(i.write_addr)
    __aeabi_d2f                              0x0800dc31   Thumb Code     0  d2f.o(x$fpl$d2f)
    _d2f                                     0x0800dc31   Thumb Code    98  d2f.o(x$fpl$d2f)
    __aeabi_dadd                             0x0800dc95   Thumb Code     0  daddsub_clz.o(x$fpl$dadd)
    _dadd                                    0x0800dc95   Thumb Code   332  daddsub_clz.o(x$fpl$dadd)
    __fpl_dcmp_Inf                           0x0800dde5   Thumb Code    24  dcmpi.o(x$fpl$dcmpinf)
    __aeabi_ddiv                             0x0800ddfd   Thumb Code     0  ddiv.o(x$fpl$ddiv)
    _ddiv                                    0x0800ddfd   Thumb Code   552  ddiv.o(x$fpl$ddiv)
    __aeabi_d2iz                             0x0800e0ad   Thumb Code     0  dfix.o(x$fpl$dfix)
    _dfix                                    0x0800e0ad   Thumb Code    94  dfix.o(x$fpl$dfix)
    __aeabi_d2uiz                            0x0800e10d   Thumb Code     0  dfixu.o(x$fpl$dfixu)
    _dfixu                                   0x0800e10d   Thumb Code    90  dfixu.o(x$fpl$dfixu)
    __aeabi_i2d                              0x0800e167   Thumb Code     0  dflt_clz.o(x$fpl$dflt)
    _dflt                                    0x0800e167   Thumb Code    46  dflt_clz.o(x$fpl$dflt)
    __aeabi_cdcmple                          0x0800e195   Thumb Code     0  dleqf.o(x$fpl$dleqf)
    _dcmple                                  0x0800e195   Thumb Code   120  dleqf.o(x$fpl$dleqf)
    __fpl_dcmple_InfNaN                      0x0800e1f7   Thumb Code     0  dleqf.o(x$fpl$dleqf)
    __aeabi_dmul                             0x0800e20d   Thumb Code     0  dmul.o(x$fpl$dmul)
    _dmul                                    0x0800e20d   Thumb Code   332  dmul.o(x$fpl$dmul)
    __fpl_dnaninf                            0x0800e361   Thumb Code   156  dnaninf.o(x$fpl$dnaninf)
    __fpl_dretinf                            0x0800e3fd   Thumb Code    12  dretinf.o(x$fpl$dretinf)
    __aeabi_cdrcmple                         0x0800e409   Thumb Code     0  drleqf.o(x$fpl$drleqf)
    _drcmple                                 0x0800e409   Thumb Code   108  drleqf.o(x$fpl$drleqf)
    __aeabi_drsub                            0x0800e475   Thumb Code     0  daddsub_clz.o(x$fpl$drsb)
    _drsb                                    0x0800e475   Thumb Code    22  daddsub_clz.o(x$fpl$drsb)
    __aeabi_dsub                             0x0800e48d   Thumb Code     0  daddsub_clz.o(x$fpl$dsub)
    _dsub                                    0x0800e48d   Thumb Code   464  daddsub_clz.o(x$fpl$dsub)
    __aeabi_f2d                              0x0800e661   Thumb Code     0  f2d.o(x$fpl$f2d)
    _f2d                                     0x0800e661   Thumb Code    86  f2d.o(x$fpl$f2d)
    __fpl_fnaninf                            0x0800e6b7   Thumb Code   140  fnaninf.o(x$fpl$fnaninf)
    _fp_init                                 0x0800e743   Thumb Code    10  fpinit.o(x$fpl$fpinit)
    __fplib_config_fpu_vfp                   0x0800e74b   Thumb Code     0  fpinit.o(x$fpl$fpinit)
    __fplib_config_pureend_doubles           0x0800e74b   Thumb Code     0  fpinit.o(x$fpl$fpinit)
    __fpl_fretinf                            0x0800e74d   Thumb Code    10  fretinf.o(x$fpl$fretinf)
    __I$use$fp                               0x0800e756   Number         0  usenofp.o(x$fpl$usenofp)
    asc2_1206                                0x0800e756   Data        1140  ili93xx.o(.constdata)
    asc2_1608                                0x0800ebca   Data        1520  ili93xx.o(.constdata)
    asc2_2412                                0x0800f1ba   Data        3420  ili93xx.o(.constdata)
    ov2640_uxga_init_reg_tbl                 0x0800ff16   Data         356  ov2640.o(.constdata)
    ov2640_yuv422_reg_tbl                    0x0801007a   Data          16  ov2640.o(.constdata)
    ov2640_jpeg_reg_tbl                      0x0801008a   Data          14  ov2640.o(.constdata)
    ov2640_rgb565_reg_tbl                    0x08010098   Data          28  ov2640.o(.constdata)
    memtblsize                               0x080100dc   Data          12  malloc.o(.constdata)
    memblksize                               0x080100e8   Data          12  malloc.o(.constdata)
    memsize                                  0x080100f4   Data          12  malloc.o(.constdata)
    armBitRevTable                           0x08010510   Data        2048  arm_common_tables.o(.constdata)
    twiddleCoef_4096                         0x08010d10   Data       32768  arm_common_tables.o(.constdata)
    Region$$Table$$Base                      0x080190e4   Number         0  anon$$obj.o(Region$$Table)
    Region$$Table$$Limit                     0x08019104   Number         0  anon$$obj.o(Region$$Table)
    mem3base                                 0x10000000   Data       61440  malloc.o(.ARM.__AT_0x10000000)
    mem3mapbase                              0x1000f000   Data        3840  malloc.o(.ARM.__AT_0x1000F000)
    timeout                                  0x20000010   Data           1  test.o(.data)
    USART_RX_STA                             0x20000016   Data           2  usart.o(.data)
    __stdout                                 0x20000018   Data           4  usart.o(.data)
    POINT_COLOR                              0x2000001c   Data           2  ili93xx.o(.data)
    BACK_COLOR                               0x2000001e   Data           2  ili93xx.o(.data)
    ov_frame                                 0x20000021   Data           1  dcmi.o(.data)
    TIM5CH1_CAPTURE_STA                      0x20000024   Data           1  timer.o(.data)
    TIM5CH1_CAPTURE_VAL                      0x20000028   Data           4  timer.o(.data)
    mallco_dev                               0x2000002c   Data          36  malloc.o(.data)
    G                                        0x20000074   Data           4  mytrack.o(.data)
    Win                                      0x20000078   Data           4  mytrack.o(.data)
    fi                                       0x2000007c   Data           4  mytrack.o(.data)
    Fi                                       0x20000080   Data           4  mytrack.o(.data)
    Fi_conj                                  0x20000084   Data           4  mytrack.o(.data)
    Ai                                       0x20000088   Data           4  mytrack.o(.data)
    Bi                                       0x2000008c   Data           4  mytrack.o(.data)
    Hi                                       0x20000090   Data           4  mytrack.o(.data)
    gi                                       0x20000094   Data           4  mytrack.o(.data)
    cache                                    0x20000098   Data           4  mytrack.o(.data)
    gen_win                                  0x2000009c   Data           4  mytrack.o(.data)
    preprocess                               0x200000a0   Data           4  mytrack.o(.data)
    MOSSE_Tracker                            0x200000e0   Data          16  mytrack.o(.data)
    sys_cmd_tab                              0x200000f0   Data          28  usmart.o(.data)
    usmart_nametab                           0x2000010c   Data         168  usmart_config.o(.data)
    usmart_dev                               0x200001b4   Data         244  usmart_config.o(.data)
    LCD_ReadPoint::b                         0x200002a8   Data           2  ili93xx.o(.data__ZZ13LCD_ReadPointE1b)
    LCD_ReadPoint::g                         0x200002aa   Data           2  ili93xx.o(.data__ZZ13LCD_ReadPointE1g)
    LCD_ReadPoint::r                         0x200002ac   Data           2  ili93xx.o(.data__ZZ13LCD_ReadPointE1r)
    USART_RX_BUF                             0x200002b0   Data         200  usart.o(.bss)
    lcddev                                   0x20000378   Data          14  ili93xx.o(.bss)
    mem1base                                 0x200003a0   Data       102400  malloc.o(.bss)
    mem1mapbase                              0x200193a0   Data        6400  malloc.o(.bss)
    Rect                                     0x2001aca0   Data          10  mytrack.o(.bss)
    __libspace_start                         0x2001acfc   Data          96  libspace.o(.bss)
    __temporary_stack_top$libspace           0x2001ad5c   Data           0  libspace.o(.bss)
    mem2base                                 0x68000000   Data       983040  malloc.o(.ARM.__AT_0x68000000)
    mem2mapbase                              0x680f0000   Data       61440  malloc.o(.ARM.__AT_0x680F0000)



==============================================================================

Memory Map of the image

  Image Entry point : 0x08000189

  Load Region LR_IROM1 (Base: 0x08000000, Size: 0x000193b4, Max: 0x00100000, ABSOLUTE, COMPRESSED[0x000191fc])

    Execution Region ER_IROM1 (Base: 0x08000000, Size: 0x00019104, Max: 0x00100000, ABSOLUTE)

    Base Addr    Size         Type   Attr      Idx    E Section Name        Object

    0x08000000   0x00000188   Data   RO            3    RESET               startup_stm32f40_41xxx.o
    0x08000188   0x00000008   Code   RO         1688  * !!!main             c_w.l(__main.o)
    0x08000190   0x00000034   Code   RO         1974    !!!scatter          c_w.l(__scatter.o)
    0x080001c4   0x0000005a   Code   RO         1972    !!dczerorl2         c_w.l(__dczerorl2.o)
    0x0800021e   0x00000002   PAD
    0x08000220   0x0000001c   Code   RO         1976    !!handler_zi        c_w.l(__scatter_zi.o)
    0x0800023c   0x00000000   Code   RO         1685    .ARM.Collect$$_printf_percent$$00000000  c_w.l(_printf_percent.o)
    0x0800023c   0x00000006   Code   RO         1683    .ARM.Collect$$_printf_percent$$00000009  c_w.l(_printf_d.o)
    0x08000242   0x00000006   Code   RO         1684    .ARM.Collect$$_printf_percent$$0000000A  c_w.l(_printf_u.o)
    0x08000248   0x00000006   Code   RO         1682    .ARM.Collect$$_printf_percent$$0000000C  c_w.l(_printf_x.o)
    0x0800024e   0x00000006   Code   RO         1680    .ARM.Collect$$_printf_percent$$00000013  c_w.l(_printf_c.o)
    0x08000254   0x00000006   Code   RO         1681    .ARM.Collect$$_printf_percent$$00000014  c_w.l(_printf_s.o)
    0x0800025a   0x00000004   Code   RO         1753    .ARM.Collect$$_printf_percent$$00000017  c_w.l(_printf_percent_end.o)
    0x0800025e   0x00000002   Code   RO         1850    .ARM.Collect$$libinit$$00000000  c_w.l(libinit.o)
    0x08000260   0x00000004   Code   RO         1853    .ARM.Collect$$libinit$$00000001  c_w.l(libinit2.o)
    0x08000264   0x00000000   Code   RO         1856    .ARM.Collect$$libinit$$00000004  c_w.l(libinit2.o)
    0x08000264   0x00000000   Code   RO         1859    .ARM.Collect$$libinit$$0000000A  c_w.l(libinit2.o)
    0x08000264   0x00000000   Code   RO         1861    .ARM.Collect$$libinit$$0000000C  c_w.l(libinit2.o)
    0x08000264   0x00000000   Code   RO         1863    .ARM.Collect$$libinit$$0000000E  c_w.l(libinit2.o)
    0x08000264   0x00000000   Code   RO         1866    .ARM.Collect$$libinit$$00000011  c_w.l(libinit2.o)
    0x08000264   0x00000000   Code   RO         1868    .ARM.Collect$$libinit$$00000013  c_w.l(libinit2.o)
    0x08000264   0x00000000   Code   RO         1870    .ARM.Collect$$libinit$$00000015  c_w.l(libinit2.o)
    0x08000264   0x00000000   Code   RO         1872    .ARM.Collect$$libinit$$00000017  c_w.l(libinit2.o)
    0x08000264   0x00000000   Code   RO         1874    .ARM.Collect$$libinit$$00000019  c_w.l(libinit2.o)
    0x08000264   0x00000000   Code   RO         1876    .ARM.Collect$$libinit$$0000001B  c_w.l(libinit2.o)
    0x08000264   0x00000000   Code   RO         1878    .ARM.Collect$$libinit$$0000001D  c_w.l(libinit2.o)
    0x08000264   0x00000000   Code   RO         1880    .ARM.Collect$$libinit$$0000001F  c_w.l(libinit2.o)
    0x08000264   0x00000000   Code   RO         1882    .ARM.Collect$$libinit$$00000021  c_w.l(libinit2.o)
    0x08000264   0x00000000   Code   RO         1884    .ARM.Collect$$libinit$$00000023  c_w.l(libinit2.o)
    0x08000264   0x00000000   Code   RO         1886    .ARM.Collect$$libinit$$00000025  c_w.l(libinit2.o)
    0x08000264   0x00000000   Code   RO         1890    .ARM.Collect$$libinit$$0000002C  c_w.l(libinit2.o)
    0x08000264   0x00000000   Code   RO         1892    .ARM.Collect$$libinit$$0000002E  c_w.l(libinit2.o)
    0x08000264   0x00000000   Code   RO         1894    .ARM.Collect$$libinit$$00000030  c_w.l(libinit2.o)
    0x08000264   0x00000000   Code   RO         1896    .ARM.Collect$$libinit$$00000032  c_w.l(libinit2.o)
    0x08000264   0x00000002   Code   RO         1897    .ARM.Collect$$libinit$$00000033  c_w.l(libinit2.o)
    0x08000266   0x00000002   Code   RO         1915    .ARM.Collect$$libshutdown$$00000000  c_w.l(libshutdown.o)
    0x08000268   0x00000000   Code   RO         1926    .ARM.Collect$$libshutdown$$00000003  c_w.l(libshutdown2.o)
    0x08000268   0x00000000   Code   RO         1929    .ARM.Collect$$libshutdown$$00000006  c_w.l(libshutdown2.o)
    0x08000268   0x00000000   Code   RO         1932    .ARM.Collect$$libshutdown$$00000009  c_w.l(libshutdown2.o)
    0x08000268   0x00000000   Code   RO         1934    .ARM.Collect$$libshutdown$$0000000B  c_w.l(libshutdown2.o)
    0x08000268   0x00000000   Code   RO         1937    .ARM.Collect$$libshutdown$$0000000E  c_w.l(libshutdown2.o)
    0x08000268   0x00000002   Code   RO         1938    .ARM.Collect$$libshutdown$$0000000F  c_w.l(libshutdown2.o)
    0x0800026a   0x00000000   Code   RO         1744    .ARM.Collect$$rtentry$$00000000  c_w.l(__rtentry.o)
    0x0800026a   0x00000000   Code   RO         1807    .ARM.Collect$$rtentry$$00000002  c_w.l(__rtentry2.o)
    0x0800026a   0x00000006   Code   RO         1819    .ARM.Collect$$rtentry$$00000004  c_w.l(__rtentry4.o)
    0x08000270   0x00000000   Code   RO         1809    .ARM.Collect$$rtentry$$00000009  c_w.l(__rtentry2.o)
    0x08000270   0x00000004   Code   RO         1810    .ARM.Collect$$rtentry$$0000000A  c_w.l(__rtentry2.o)
    0x08000274   0x00000000   Code   RO         1812    .ARM.Collect$$rtentry$$0000000C  c_w.l(__rtentry2.o)
    0x08000274   0x00000008   Code   RO         1813    .ARM.Collect$$rtentry$$0000000D  c_w.l(__rtentry2.o)
    0x0800027c   0x00000002   Code   RO         1851    .ARM.Collect$$rtexit$$00000000  c_w.l(rtexit.o)
    0x0800027e   0x00000000   Code   RO         1899    .ARM.Collect$$rtexit$$00000002  c_w.l(rtexit2.o)
    0x0800027e   0x00000004   Code   RO         1900    .ARM.Collect$$rtexit$$00000003  c_w.l(rtexit2.o)
    0x08000282   0x00000006   Code   RO         1901    .ARM.Collect$$rtexit$$00000004  c_w.l(rtexit2.o)
    0x08000288   0x00000044   Code   RO            4    .text               startup_stm32f40_41xxx.o
    0x080002cc   0x000000d8   Code   RO         1380    .text               arm_cortexM4lf_math.lib(arm_cos_f32.o)
    0x080003a4   0x000000e2   Code   RO         1427    .text               arm_cortexM4lf_math.lib(arm_cmplx_conj_f32.o)
    0x08000486   0x00000002   PAD
    0x08000488   0x000000ea   Code   RO         1447    .text               arm_cortexM4lf_math.lib(arm_cmplx_mult_cmplx_f32.o)
    0x08000572   0x00000002   PAD
    0x08000574   0x000002f8   Code   RO         1467    .text               arm_cortexM4lf_math.lib(arm_cfft_radix2_f32.o)
    0x0800086c   0x00000134   Code   RO         1487    .text               arm_cortexM4lf_math.lib(arm_cfft_radix2_init_f32.o)
    0x080009a0   0x000000b0   Code   RO         1511    .text               arm_cortexM4lf_math.lib(arm_mean_f32.o)
    0x08000a50   0x00000100   Code   RO         1531    .text               arm_cortexM4lf_math.lib(arm_std_f32.o)
    0x08000b50   0x000001e6   Code   RO         1554    .text               arm_cortexM4lf_math.lib(arm_bitreversal.o)
    0x08000d36   0x00000002   Code   RO         1625    .text               c_w.l(use_no_semi_2.o)
    0x08000d38   0x00000018   Code   RO         1629    .text               c_w.l(noretval__2printf.o)
    0x08000d50   0x0000004e   Code   RO         1633    .text               c_w.l(_printf_pad.o)
    0x08000d9e   0x00000052   Code   RO         1635    .text               c_w.l(_printf_str.o)
    0x08000df0   0x00000078   Code   RO         1637    .text               c_w.l(_printf_dec.o)
    0x08000e68   0x00000058   Code   RO         1642    .text               c_w.l(_printf_hex_int.o)
    0x08000ec0   0x00000188   Code   RO         1677    .text               c_w.l(__printf_flags_ss_wp.o)
    0x08001048   0x00000006   Code   RO         1686    .text               c_w.l(heapauxi.o)
    0x0800104e   0x00000002   Code   RO         1742    .text               c_w.l(use_no_semi.o)
    0x08001050   0x00000016   Code   RO         1745    .text               c_w.l(_rserrno.o)
    0x08001066   0x000000b2   Code   RO         1747    .text               c_w.l(_printf_intcommon.o)
    0x08001118   0x0000002c   Code   RO         1749    .text               c_w.l(_printf_char.o)
    0x08001144   0x00000024   Code   RO         1751    .text               c_w.l(_printf_char_file.o)
    0x08001168   0x00000008   Code   RO         1824    .text               c_w.l(rt_errno_addr_intlibspace.o)
    0x08001170   0x00000030   Code   RO         1826    .text               c_w.l(_printf_char_common.o)
    0x080011a0   0x00000008   Code   RO         1828    .text               c_w.l(ferror.o)
    0x080011a8   0x00000008   Code   RO         1836    .text               c_w.l(libspace.o)
    0x080011b0   0x0000004a   Code   RO         1839    .text               c_w.l(sys_stackheap_outer.o)
    0x080011fa   0x0000000c   Code   RO         1843    .text               c_w.l(exit.o)
    0x08001206   0x00000002   PAD
    0x08001208   0x0000003c   Code   RO          545    i.DCMI_CR_Set       dcmi.o
    0x08001244   0x000000cc   Code   RO          546    i.DCMI_DMA_Init     dcmi.o
    0x08001310   0x00000044   Code   RO          547    i.DCMI_IRQHandler   dcmi.o
    0x08001354   0x00000164   Code   RO          548    i.DCMI_Init         dcmi.o
    0x080014b8   0x00000018   Code   RO          549    i.DCMI_Pause        dcmi.o
    0x080014d0   0x00000020   Code   RO          550    i.DCMI_Restart      dcmi.o
    0x080014f0   0x00000070   Code   RO          551    i.DCMI_Set_Window   dcmi.o
    0x08001560   0x0000002c   Code   RO          552    i.DCMI_Start        dcmi.o
    0x0800158c   0x00000028   Code   RO          553    i.DCMI_Stop         dcmi.o
    0x080015b4   0x00000260   Code   RO          860    i.FSMC_SRAM_Init    sram.o
    0x08001814   0x00000026   Code   RO          164    i.GPIO_AF_Set       sys.o
    0x0800183a   0x00000002   PAD
    0x0800183c   0x0000009c   Code   RO          165    i.GPIO_Set          sys.o
    0x080018d8   0x0000004c   Code   RO          518    i.KEY_Init          key.o
    0x08001924   0x000000a4   Code   RO          519    i.KEY_Scan          key.o
    0x080019c8   0x00000084   Code   RO          326    i.LCD_Clear         ili93xx.o
    0x08001a4c   0x0000014c   Code   RO          330    i.LCD_Display_Dir   ili93xx.o
    0x08001b98   0x0000002a   Code   RO          481    i.LCD_DrawCross     ili93xx.o
    0x08001bc2   0x00000002   PAD
    0x08001bc4   0x000000a0   Code   RO          331    i.LCD_DrawLine      ili93xx.o
    0x08001c64   0x0000003a   Code   RO          469    i.LCD_DrawRectangle  ili93xx.o
    0x08001c9e   0x00000002   PAD
    0x08001ca0   0x00000324   Code   RO          334    i.LCD_Fast_DrawPoint  ili93xx.o
    0x08001fc4   0x000000bc   Code   RO          335    i.LCD_Fill          ili93xx.o
    0x08002080   0x00007438   Code   RO          336    i.LCD_Init          ili93xx.o
    0x080094b8   0x00000168   Code   RO          463    i.LCD_ReadPoint     ili93xx.o
    0x08009620   0x00000390   Code   RO          338    i.LCD_Scan_Dir      ili93xx.o
    0x080099b0   0x00000390   Code   RO          339    i.LCD_SetCursor     ili93xx.o
    0x08009d40   0x000003e0   Code   RO          340    i.LCD_Set_Window    ili93xx.o
    0x0800a120   0x0000011c   Code   RO          341    i.LCD_ShowChar      ili93xx.o
    0x0800a23c   0x00000062   Code   RO          475    i.LCD_ShowString    ili93xx.o
    0x0800a29e   0x00000002   PAD
    0x0800a2a0   0x00000014   Code   RO          451    i.LCD_WriteRAM_Prepare  ili93xx.o
    0x0800a2b4   0x0000003c   Code   RO          305    i.LED_Init          led.o
    0x0800a2f0   0x00000070   Code   RO          168    i.MY_NVIC_Init      sys.o
    0x0800a360   0x00000028   Code   RO          616    i.OV2640_Auto_Exposure  ov2640.o
    0x0800a388   0x0000003a   Code   RO          617    i.OV2640_Brightness  ov2640.o
    0x0800a3c2   0x00000028   Code   RO          618    i.OV2640_Color_Bar  ov2640.o
    0x0800a3ea   0x00000040   Code   RO          619    i.OV2640_Color_Saturation  ov2640.o
    0x0800a42a   0x00000070   Code   RO          620    i.OV2640_Contrast   ov2640.o
    0x0800a49a   0x0000004e   Code   RO          621    i.OV2640_ImageSize_Set  ov2640.o
    0x0800a4e8   0x00000090   Code   RO          622    i.OV2640_ImageWin_Set  ov2640.o
    0x0800a578   0x000000f0   Code   RO          623    i.OV2640_Init       ov2640.o
    0x0800a668   0x00000044   Code   RO          624    i.OV2640_JPEG_Mode  ov2640.o
    0x0800a6ac   0x0000006a   Code   RO          625    i.OV2640_Light_Mode  ov2640.o
    0x0800a716   0x00000058   Code   RO          626    i.OV2640_OutSize_Set  ov2640.o
    0x0800a76e   0x00000002   PAD
    0x0800a770   0x00000024   Code   RO          627    i.OV2640_RGB565_Mode  ov2640.o
    0x0800a794   0x00000070   Code   RO          628    i.OV2640_Special_Effects  ov2640.o
    0x0800a804   0x0000007c   Code   RO          629    i.OV2640_Window_Set  ov2640.o
    0x0800a880   0x00000050   Code   RO          724    i.SCCB_Init         sccb.o
    0x0800a8d0   0x00000144   Code   RO          727    i.SCCB_RD_Reg       sccb.o
    0x0800aa14   0x00000088   Code   RO          730    i.SCCB_WR_Byte      sccb.o
    0x0800aa9c   0x00000084   Code   RO          731    i.SCCB_WR_Reg       sccb.o
    0x0800ab20   0x00000068   Code   RO          171    i.Stm32_Clock_Init  sys.o
    0x0800ab88   0x000000f0   Code   RO          172    i.Sys_Clock_Set     sys.o
    0x0800ac78   0x00000024   Code   RO          807    i.TIM3_IRQHandler   timer.o
    0x0800ac9c   0x0000003c   Code   RO         1194    i.TIM4_IRQHandler   usmart.o
    0x0800acd8   0x000000a4   Code   RO          810    i.TIM5_IRQHandler   timer.o
    0x0800ad7c   0x00000068   Code   RO          255    i.USART1_IRQHandler  usart.o
    0x0800ade4   0x0000000a   Code   RO         1372    i.__ARM_common_memclr4_10  usmart_str.o
    0x0800adee   0x00000030   Code   RO         1787    i.__ARM_fpclassify  m_wm.l(fpclassify.o)
    0x0800ae1e   0x00000002   PAD
    0x0800ae20   0x00000358   Code   RO         1716    i.__hardfp_exp      m_wm.l(exp.o)
    0x0800b178   0x000000f8   Code   RO         1803    i.__kernel_poly     m_wm.l(poly.o)
    0x0800b270   0x00000014   Code   RO         1774    i.__mathlib_dbl_infnan  m_wm.l(dunder.o)
    0x0800b284   0x00000004   PAD
    0x0800b288   0x00000020   Code   RO         1777    i.__mathlib_dbl_overflow  m_wm.l(dunder.o)
    0x0800b2a8   0x00000020   Code   RO         1779    i.__mathlib_dbl_underflow  m_wm.l(dunder.o)
    0x0800b2c8   0x0000000e   Code   RO         1670    i._is_digit         c_w.l(__printf_wp.o)
    0x0800b2d6   0x00000002   Code   RO          256    i._sys_exit         usart.o
    0x0800b2d8   0x0000002c   Code   RO          122    i.delay_init        delay.o
    0x0800b304   0x0000007c   Code   RO          123    i.delay_ms          delay.o
    0x0800b380   0x0000002c   Code   RO          124    i.delay_us          delay.o
    0x0800b3ac   0x0000010c   Code   RO         1093    i.fft2              mytrack.o
    0x0800b4b8   0x00000014   Code   RO          257    i.fputc             usart.o
    0x0800b4cc   0x000000b8   Code   RO         1095    i.gen_hamming_win   mytrack.o
    0x0800b584   0x000000e0   Code   RO         1098    i.get_img           mytrack.o
    0x0800b664   0x00000002   Code   RO         1099    i.jpeg_data_process  mytrack.o
    0x0800b666   0x00000002   PAD
    0x0800b668   0x000004c4   Code   RO           12    i.main              test.o
    0x0800bb2c   0x000006a4   Code   RO         1100    i.myTrack           mytrack.o
    0x0800c1d0   0x00000244   Code   RO         1101    i.myTrack_General_init  mytrack.o
    0x0800c414   0x0000005c   Code   RO         1102    i.myTrack_Rectreset  mytrack.o
    0x0800c470   0x00000204   Code   RO         1103    i.myTrack_training  mytrack.o
    0x0800c674   0x0000006c   Code   RO         1017    i.my_mem_init       malloc.o
    0x0800c6e0   0x000000c8   Code   RO         1018    i.my_mem_malloc     malloc.o
    0x0800c7a8   0x0000003c   Code   RO         1019    i.my_mem_perused    malloc.o
    0x0800c7e4   0x00000024   Code   RO         1021    i.mymalloc          malloc.o
    0x0800c808   0x00000004   Code   RO         1196    i.read_addr         usmart.o
    0x0800c80c   0x00000178   Code   RO         1104    i.rgbpreprocess     mytrack.o
    0x0800c984   0x000000e0   Code   RO          258    i.uart_init         usart.o
    0x0800ca64   0x000000b0   Code   RO         1197    i.usmart_cmd_rec    usmart.o
    0x0800cb14   0x000002c4   Code   RO         1198    i.usmart_exe        usmart.o
    0x0800cdd8   0x000000b4   Code   RO         1305    i.usmart_get_aparm  usmart_str.o
    0x0800ce8c   0x00000040   Code   RO         1306    i.usmart_get_cmdname  usmart_str.o
    0x0800cecc   0x000001b0   Code   RO         1307    i.usmart_get_fname  usmart_str.o
    0x0800d07c   0x000002c0   Code   RO         1308    i.usmart_get_fparam  usmart_str.o
    0x0800d33c   0x00000020   Code   RO         1309    i.usmart_get_parmpos  usmart_str.o
    0x0800d35c   0x00000064   Code   RO         1200    i.usmart_init       usmart.o
    0x0800d3c0   0x000000ac   Code   RO         1202    i.usmart_scan       usmart.o
    0x0800d46c   0x0000010a   Code   RO         1312    i.usmart_str2num    usmart_str.o
    0x0800d576   0x0000001a   Code   RO         1313    i.usmart_strcmp     usmart_str.o
    0x0800d590   0x0000069c   Code   RO         1203    i.usmart_sys_cmd_exe  usmart.o
    0x0800dc2c   0x00000004   Code   RO         1204    i.write_addr        usmart.o
    0x0800dc30   0x00000062   Code   RO         1690    x$fpl$d2f           fz_wm.l(d2f.o)
    0x0800dc92   0x00000002   PAD
    0x0800dc94   0x00000150   Code   RO         1692    x$fpl$dadd          fz_wm.l(daddsub_clz.o)
    0x0800dde4   0x00000018   Code   RO         1832    x$fpl$dcmpinf       fz_wm.l(dcmpi.o)
    0x0800ddfc   0x000002b0   Code   RO         1757    x$fpl$ddiv          fz_wm.l(ddiv.o)
    0x0800e0ac   0x0000005e   Code   RO         1698    x$fpl$dfix          fz_wm.l(dfix.o)
    0x0800e10a   0x00000002   PAD
    0x0800e10c   0x0000005a   Code   RO         1702    x$fpl$dfixu         fz_wm.l(dfixu.o)
    0x0800e166   0x0000002e   Code   RO         1707    x$fpl$dflt          fz_wm.l(dflt_clz.o)
    0x0800e194   0x00000078   Code   RO         1760    x$fpl$dleqf         fz_wm.l(dleqf.o)
    0x0800e20c   0x00000154   Code   RO         1712    x$fpl$dmul          fz_wm.l(dmul.o)
    0x0800e360   0x0000009c   Code   RO         1762    x$fpl$dnaninf       fz_wm.l(dnaninf.o)
    0x0800e3fc   0x0000000c   Code   RO         1764    x$fpl$dretinf       fz_wm.l(dretinf.o)
    0x0800e408   0x0000006c   Code   RO         1766    x$fpl$drleqf        fz_wm.l(drleqf.o)
    0x0800e474   0x00000016   Code   RO         1693    x$fpl$drsb          fz_wm.l(daddsub_clz.o)
    0x0800e48a   0x00000002   PAD
    0x0800e48c   0x000001d4   Code   RO         1694    x$fpl$dsub          fz_wm.l(daddsub_clz.o)
    0x0800e660   0x00000056   Code   RO         1714    x$fpl$f2d           fz_wm.l(f2d.o)
    0x0800e6b6   0x0000008c   Code   RO         1768    x$fpl$fnaninf       fz_wm.l(fnaninf.o)
    0x0800e742   0x0000000a   Code   RO         1907    x$fpl$fpinit        fz_wm.l(fpinit.o)
    0x0800e74c   0x0000000a   Code   RO         1770    x$fpl$fretinf       fz_wm.l(fretinf.o)
    0x0800e756   0x00000000   Code   RO         1772    x$fpl$usenofp       fz_wm.l(usenofp.o)
    0x0800e756   0x000017c0   Data   RO          346    .constdata          ili93xx.o
    0x0800ff16   0x000001c6   Data   RO          630    .constdata          ov2640.o
    0x080100dc   0x00000024   Data   RO         1031    .constdata          malloc.o
    0x08010100   0x00000410   Data   RO         1381    .constdata          arm_cortexM4lf_math.lib(arm_cos_f32.o)
    0x08010510   0x00000800   Data   RO         1574    .constdata          arm_cortexM4lf_math.lib(arm_common_tables.o)
    0x08010d10   0x00008000   Data   RO         1583    .constdata          arm_cortexM4lf_math.lib(arm_common_tables.o)
    0x08018d10   0x00000028   Data   RO         1643    .constdata          c_w.l(_printf_hex_int.o)
    0x08018d38   0x00000011   Data   RO         1678    .constdata          c_w.l(__printf_flags_ss_wp.o)
    0x08018d49   0x00000007   PAD
    0x08018d50   0x00000058   Data   RO         1719    .constdata          m_wm.l(exp.o)
    0x08018da8   0x00000028   Data   RO         1205    .conststring        usmart.o
    0x08018dd0   0x00000311   Data   RO         1283    .conststring        usmart_config.o
    0x080190e1   0x00000003   PAD
    0x080190e4   0x00000020   Data   RO         1970    Region$$Table       anon$$obj.o


    Execution Region RW_IRAM1 (Base: 0x20000000, Size: 0x0001b160, Max: 0x00020000, ABSOLUTE, COMPRESSED[0x000000f8])

    Base Addr    Size         Type   Attr      Idx    E Section Name        Object

    0x20000000   0x00000010   Data   RW           13    .data               test.o
    0x20000010   0x00000001   Data   RW           14    .data               test.o
    0x20000011   0x00000001   PAD
    0x20000012   0x00000004   Data   RW          126    .data               delay.o
    0x20000016   0x00000002   Data   RW          260    .data               usart.o
    0x20000018   0x00000004   Data   RW          261    .data               usart.o
    0x2000001c   0x00000004   Data   RW          347    .data               ili93xx.o
    0x20000020   0x00000001   Data   RW          520    .data               key.o
    0x20000021   0x00000001   Data   RW          554    .data               dcmi.o
    0x20000022   0x00000002   PAD
    0x20000024   0x00000008   Data   RW          812    .data               timer.o
    0x2000002c   0x00000024   Data   RW         1032    .data               malloc.o
    0x20000050   0x00000090   Data   RW         1107    .data               mytrack.o
    0x200000e0   0x00000010   Data   RW         1109    .data               mytrack.o
    0x200000f0   0x0000001c   Data   RW         1206    .data               usmart.o
    0x2000010c   0x000000a8   Data   RW         1284    .data               usmart_config.o
    0x200001b4   0x000000f4   Data   RW         1285    .data               usmart_config.o
    0x200002a8   0x00000002   Data   RW          489    .data__ZZ13LCD_ReadPointE1b  ili93xx.o
    0x200002aa   0x00000002   Data   RW          488    .data__ZZ13LCD_ReadPointE1g  ili93xx.o
    0x200002ac   0x00000002   Data   RW          487    .data__ZZ13LCD_ReadPointE1r  ili93xx.o
    0x200002ae   0x00000002   PAD
    0x200002b0   0x000000c8   Zero   RW          259    .bss                usart.o
    0x20000378   0x0000000e   Zero   RW          345    .bss                ili93xx.o
    0x20000386   0x0000001a   PAD
    0x200003a0   0x00019000   Zero   RW         1029    .bss                malloc.o
    0x200193a0   0x00001900   Zero   RW         1030    .bss                malloc.o
    0x2001aca0   0x0000005c   Zero   RW         1105    .bss                mytrack.o
    0x2001acfc   0x00000060   Zero   RW         1837    .bss                c_w.l(libspace.o)
    0x2001ad5c   0x00000004   PAD
    0x2001ad60   0x00000000   Zero   RW            2    HEAP                startup_stm32f40_41xxx.o
    0x2001ad60   0x00000400   Zero   RW            1    STACK               startup_stm32f40_41xxx.o



  Load Region LR$$.ARM.__AT_0x10000000 (Base: 0x10000000, Size: 0x00000000, Max: 0x0000f000, ABSOLUTE)

    Execution Region ER$$.ARM.__AT_0x10000000 (Base: 0x10000000, Size: 0x0000f000, Max: 0x0000f000, ABSOLUTE, UNINIT)

    Base Addr    Size         Type   Attr      Idx    E Section Name        Object

    0x10000000   0x0000f000   Zero   RW         1025    .ARM.__AT_0x10000000  malloc.o



  Load Region LR$$.ARM.__AT_0x1000F000 (Base: 0x1000f000, Size: 0x00000000, Max: 0x00000f00, ABSOLUTE)

    Execution Region ER$$.ARM.__AT_0x1000F000 (Base: 0x1000f000, Size: 0x00000f00, Max: 0x00000f00, ABSOLUTE, UNINIT)

    Base Addr    Size         Type   Attr      Idx    E Section Name        Object

    0x1000f000   0x00000f00   Zero   RW         1026    .ARM.__AT_0x1000F000  malloc.o



  Load Region LR$$.ARM.__AT_0x68000000 (Base: 0x68000000, Size: 0x00000000, Max: 0x000f0000, ABSOLUTE)

    Execution Region ER$$.ARM.__AT_0x68000000 (Base: 0x68000000, Size: 0x000f0000, Max: 0x000f0000, ABSOLUTE, UNINIT)

    Base Addr    Size         Type   Attr      Idx    E Section Name        Object

    0x68000000   0x000f0000   Zero   RW         1027    .ARM.__AT_0x68000000  malloc.o



  Load Region LR$$.ARM.__AT_0x680F0000 (Base: 0x680f0000, Size: 0x00000000, Max: 0x0000f000, ABSOLUTE)

    Execution Region ER$$.ARM.__AT_0x680F0000 (Base: 0x680f0000, Size: 0x0000f000, Max: 0x0000f000, ABSOLUTE, UNINIT)

    Base Addr    Size         Type   Attr      Idx    E Section Name        Object

    0x680f0000   0x0000f000   Zero   RW         1028    .ARM.__AT_0x680F0000  malloc.o


==============================================================================

Image component sizes


      Code (inc. data)   RO Data    RW Data    ZI Data      Debug   Object Name

       940        108          0          1          0       5686   dcmi.o
       212         16          0          4          0       2371   delay.o
     35046        170       6080         10         14     113501   ili93xx.o
       240         24          0          1          0       1326   key.o
        60         12          0          0          0        539   led.o
       404         44         36         36    1218560       5089   malloc.o
      3942        174          0        160         92      12921   mytrack.o
      1310         64        454          0          0      10535   ov2640.o
       672         38          0          0          0       3531   sccb.o
       608         26          0          0          0        793   sram.o
        68         24        392          0       1024        876   startup_stm32f40_41xxx.o
       650         54          0          0          0       3882   sys.o
      1220        206          0         17          0     246645   test.o
       200         32          0          8          0       1474   timer.o
       350         38          0          6        200       4188   usart.o
      2916       1364         40         28          0       6874   usmart.o
         0          0        785        412          0       1584   usmart_config.o
      1714         22          0          0          0       8307   usmart_str.o

    ----------------------------------------------------------------------
     50564       2416       7822        688    1219916     430122   Object Totals
         0          0         32          0          0          0   (incl. Generated)
        12          0          3          5         26          0   (incl. Padding)

    ----------------------------------------------------------------------

      Code (inc. data)   RO Data    RW Data    ZI Data      Debug   Library Member Name

       486          0          0          0          0       2210   arm_bitreversal.o
       760          0          0          0          0       2616   arm_cfft_radix2_f32.o
       308         78          0          0          0       1135   arm_cfft_radix2_init_f32.o
       226          0          0          0          0        941   arm_cmplx_conj_f32.o
       234          0          0          0          0        931   arm_cmplx_mult_cmplx_f32.o
         0          0      34816          0          0       2517   arm_common_tables.o
       216         22       1040          0          0      16570   arm_cos_f32.o
       176          4          0          0          0        879   arm_mean_f32.o
       256          6          0          0          0      13390   arm_std_f32.o
        90          0          0          0          0          0   __dczerorl2.o
         8          0          0          0          0         68   __main.o
       392          4         17          0          0         92   __printf_flags_ss_wp.o
        14          0          0          0          0         68   __printf_wp.o
         0          0          0          0          0          0   __rtentry.o
        12          0          0          0          0          0   __rtentry2.o
         6          0          0          0          0          0   __rtentry4.o
        52          8          0          0          0          0   __scatter.o
        28          0          0          0          0          0   __scatter_zi.o
         6          0          0          0          0          0   _printf_c.o
        44          0          0          0          0        108   _printf_char.o
        48          6          0          0          0         96   _printf_char_common.o
        36          4          0          0          0         80   _printf_char_file.o
         6          0          0          0          0          0   _printf_d.o
       120         16          0          0          0         92   _printf_dec.o
        88          4         40          0          0         88   _printf_hex_int.o
       178          0          0          0          0         88   _printf_intcommon.o
        78          0          0          0          0        108   _printf_pad.o
         0          0          0          0          0          0   _printf_percent.o
         4          0          0          0          0          0   _printf_percent_end.o
         6          0          0          0          0          0   _printf_s.o
        82          0          0          0          0         80   _printf_str.o
         6          0          0          0          0          0   _printf_u.o
         6          0          0          0          0          0   _printf_x.o
        22          0          0          0          0        100   _rserrno.o
        12          0          0          0          0         72   exit.o
         8          0          0          0          0         68   ferror.o
         6          0          0          0          0        152   heapauxi.o
         2          0          0          0          0          0   libinit.o
         6          0          0          0          0          0   libinit2.o
         2          0          0          0          0          0   libshutdown.o
         2          0          0          0          0          0   libshutdown2.o
         8          4          0          0         96         68   libspace.o
        24          4          0          0          0         84   noretval__2printf.o
         8          4          0          0          0         68   rt_errno_addr_intlibspace.o
         2          0          0          0          0          0   rtexit.o
        10          0          0          0          0          0   rtexit2.o
        74          0          0          0          0         80   sys_stackheap_outer.o
         2          0          0          0          0         68   use_no_semi.o
         2          0          0          0          0         68   use_no_semi_2.o
        98          4          0          0          0        140   d2f.o
       826         16          0          0          0        492   daddsub_clz.o
        24          0          0          0          0        116   dcmpi.o
       688        140          0          0          0        256   ddiv.o
        94          4          0          0          0        140   dfix.o
        90          4          0          0          0        140   dfixu.o
        46          0          0          0          0        116   dflt_clz.o
       120          4          0          0          0        140   dleqf.o
       340         12          0          0          0        152   dmul.o
       156          4          0          0          0        140   dnaninf.o
        12          0          0          0          0        116   dretinf.o
       108          0          0          0          0        128   drleqf.o
        86          4          0          0          0        132   f2d.o
       140          4          0          0          0        132   fnaninf.o
        10          0          0          0          0        116   fpinit.o
        10          0          0          0          0        116   fretinf.o
         0          0          0          0          0          0   usenofp.o
        84         16          0          0          0        372   dunder.o
       856        142         88          0          0        288   exp.o
        48          0          0          0          0        124   fpclassify.o
       248          0          0          0          0        152   poly.o

    ----------------------------------------------------------------------
      8266        518      36008          0        100      46493   Library Totals
        20          0          7          0          4          0   (incl. Padding)

    ----------------------------------------------------------------------

      Code (inc. data)   RO Data    RW Data    ZI Data      Debug   Library Name

      2662        110      35856          0          0      41189   arm_cortexM4lf_math.lib
      1500         54         57          0         96       1796   c_w.l
      2848        196          0          0          0       2572   fz_wm.l
      1236        158         88          0          0        936   m_wm.l

    ----------------------------------------------------------------------
      8266        518      36008          0        100      46493   Library Totals

    ----------------------------------------------------------------------

==============================================================================


      Code (inc. data)   RO Data    RW Data    ZI Data      Debug   

     58830       2934      43830        688    1220016     464631   Grand Totals
     58830       2934      43830        248    1220016     464631   ELF Image Totals (compressed)
     58830       2934      43830        248          0          0   ROM Totals

==============================================================================

    Total RO  Size (Code + RO Data)               102660 ( 100.25kB)
    Total RW  Size (RW Data + ZI Data)           1220704 (1192.09kB)
    Total ROM Size (Code + RO Data + RW Data)     102908 ( 100.50kB)

==============================================================================

